###############################################################################
#
# IAR ELF Linker V7.50.1.10123/W32 for ARM                09/Feb/2016  14:52:55
# Copyright 2007-2015 IAR Systems AB.
#
#    Output file  =  H:\四轴代码\uCOSIII\IAR\Debug\Exe\c.out
#    Map file     =  H:\四轴代码\uCOSIII\IAR\Debug\List\c.map
#    Command line =  
#        H:\四轴代码\uCOSIII\IAR\Debug\Obj\AHRS.o
#        H:\四轴代码\uCOSIII\IAR\Debug\Obj\Algorithm_filter.o
#        H:\四轴代码\uCOSIII\IAR\Debug\Obj\Algorithm_math.o
#        H:\四轴代码\uCOSIII\IAR\Debug\Obj\Algorithm_quaternion.o
#        H:\四轴代码\uCOSIII\IAR\Debug\Obj\Android.o
#        H:\四轴代码\uCOSIII\IAR\Debug\Obj\app.o
#        H:\四轴代码\uCOSIII\IAR\Debug\Obj\arm_mat_add_f32.o
#        H:\四轴代码\uCOSIII\IAR\Debug\Obj\arm_mat_add_q15.o
#        H:\四轴代码\uCOSIII\IAR\Debug\Obj\arm_mat_add_q31.o
#        H:\四轴代码\uCOSIII\IAR\Debug\Obj\arm_mat_cmplx_mult_f32.o
#        H:\四轴代码\uCOSIII\IAR\Debug\Obj\arm_mat_cmplx_mult_q15.o
#        H:\四轴代码\uCOSIII\IAR\Debug\Obj\arm_mat_cmplx_mult_q31.o
#        H:\四轴代码\uCOSIII\IAR\Debug\Obj\arm_mat_init_f32.o
#        H:\四轴代码\uCOSIII\IAR\Debug\Obj\arm_mat_init_q15.o
#        H:\四轴代码\uCOSIII\IAR\Debug\Obj\arm_mat_init_q31.o
#        H:\四轴代码\uCOSIII\IAR\Debug\Obj\arm_mat_inverse_f32.o
#        H:\四轴代码\uCOSIII\IAR\Debug\Obj\arm_mat_inverse_f64.o
#        H:\四轴代码\uCOSIII\IAR\Debug\Obj\arm_mat_mult_f32.o
#        H:\四轴代码\uCOSIII\IAR\Debug\Obj\arm_mat_mult_fast_q15.o
#        H:\四轴代码\uCOSIII\IAR\Debug\Obj\arm_mat_mult_fast_q31.o
#        H:\四轴代码\uCOSIII\IAR\Debug\Obj\arm_mat_mult_q15.o
#        H:\四轴代码\uCOSIII\IAR\Debug\Obj\arm_mat_mult_q31.o
#        H:\四轴代码\uCOSIII\IAR\Debug\Obj\arm_mat_scale_f32.o
#        H:\四轴代码\uCOSIII\IAR\Debug\Obj\arm_mat_scale_q15.o
#        H:\四轴代码\uCOSIII\IAR\Debug\Obj\arm_mat_scale_q31.o
#        H:\四轴代码\uCOSIII\IAR\Debug\Obj\arm_mat_sub_f32.o
#        H:\四轴代码\uCOSIII\IAR\Debug\Obj\arm_mat_sub_q15.o
#        H:\四轴代码\uCOSIII\IAR\Debug\Obj\arm_mat_sub_q31.o
#        H:\四轴代码\uCOSIII\IAR\Debug\Obj\arm_mat_trans_f32.o
#        H:\四轴代码\uCOSIII\IAR\Debug\Obj\arm_mat_trans_q15.o
#        H:\四轴代码\uCOSIII\IAR\Debug\Obj\arm_mat_trans_q31.o
#        H:\四轴代码\uCOSIII\IAR\Debug\Obj\BlueToothDTU.o
#        H:\四轴代码\uCOSIII\IAR\Debug\Obj\bsp.o
#        H:\四轴代码\uCOSIII\IAR\Debug\Obj\bsp_driver_sd.o
#        H:\四轴代码\uCOSIII\IAR\Debug\Obj\bsp_int.o
#        H:\四轴代码\uCOSIII\IAR\Debug\Obj\bsp_os.o
#        H:\四轴代码\uCOSIII\IAR\Debug\Obj\bsp_periph.o
#        H:\四轴代码\uCOSIII\IAR\Debug\Obj\Control.o
#        H:\四轴代码\uCOSIII\IAR\Debug\Obj\cpu_a.o
#        H:\四轴代码\uCOSIII\IAR\Debug\Obj\cpu_bsp.o
#        H:\四轴代码\uCOSIII\IAR\Debug\Obj\cpu_c.o
#        H:\四轴代码\uCOSIII\IAR\Debug\Obj\cpu_core.o
#        H:\四轴代码\uCOSIII\IAR\Debug\Obj\cstartup.o
#        H:\四轴代码\uCOSIII\IAR\Debug\Obj\diskio.o
#        H:\四轴代码\uCOSIII\IAR\Debug\Obj\DoubleMatrix.o
#        H:\四轴代码\uCOSIII\IAR\Debug\Obj\EKF.o
#        H:\四轴代码\uCOSIII\IAR\Debug\Obj\FastMath.o
#        H:\四轴代码\uCOSIII\IAR\Debug\Obj\fatfs.o
#        H:\四轴代码\uCOSIII\IAR\Debug\Obj\ff.o
#        H:\四轴代码\uCOSIII\IAR\Debug\Obj\ff_gen_drv.o
#        H:\四轴代码\uCOSIII\IAR\Debug\Obj\filefunction.o
#        H:\四轴代码\uCOSIII\IAR\Debug\Obj\Function.o
#        H:\四轴代码\uCOSIII\IAR\Debug\Obj\Init.o
#        H:\四轴代码\uCOSIII\IAR\Debug\Obj\lib_ascii.o
#        H:\四轴代码\uCOSIII\IAR\Debug\Obj\lib_math.o
#        H:\四轴代码\uCOSIII\IAR\Debug\Obj\lib_mem.o
#        H:\四轴代码\uCOSIII\IAR\Debug\Obj\lib_mem_a.o
#        H:\四轴代码\uCOSIII\IAR\Debug\Obj\lib_str.o
#        H:\四轴代码\uCOSIII\IAR\Debug\Obj\MadgwickAHRS.o
#        H:\四轴代码\uCOSIII\IAR\Debug\Obj\Matrix.o
#        H:\四轴代码\uCOSIII\IAR\Debug\Obj\minIni.o
#        H:\四轴代码\uCOSIII\IAR\Debug\Obj\ms5611.o
#        H:\四轴代码\uCOSIII\IAR\Debug\Obj\os_app_hooks.o
#        H:\四轴代码\uCOSIII\IAR\Debug\Obj\os_cfg_app.o
#        H:\四轴代码\uCOSIII\IAR\Debug\Obj\os_core.o
#        H:\四轴代码\uCOSIII\IAR\Debug\Obj\os_cpu_a.o
#        H:\四轴代码\uCOSIII\IAR\Debug\Obj\os_cpu_c.o
#        H:\四轴代码\uCOSIII\IAR\Debug\Obj\os_dbg.o
#        H:\四轴代码\uCOSIII\IAR\Debug\Obj\os_flag.o
#        H:\四轴代码\uCOSIII\IAR\Debug\Obj\os_int.o
#        H:\四轴代码\uCOSIII\IAR\Debug\Obj\os_mem.o
#        H:\四轴代码\uCOSIII\IAR\Debug\Obj\os_msg.o
#        H:\四轴代码\uCOSIII\IAR\Debug\Obj\os_mutex.o
#        H:\四轴代码\uCOSIII\IAR\Debug\Obj\os_pend_multi.o
#        H:\四轴代码\uCOSIII\IAR\Debug\Obj\os_prio.o
#        H:\四轴代码\uCOSIII\IAR\Debug\Obj\os_q.o
#        H:\四轴代码\uCOSIII\IAR\Debug\Obj\os_sem.o
#        H:\四轴代码\uCOSIII\IAR\Debug\Obj\os_stat.o
#        H:\四轴代码\uCOSIII\IAR\Debug\Obj\os_task.o
#        H:\四轴代码\uCOSIII\IAR\Debug\Obj\os_tick.o
#        H:\四轴代码\uCOSIII\IAR\Debug\Obj\os_time.o
#        H:\四轴代码\uCOSIII\IAR\Debug\Obj\os_tmr.o
#        H:\四轴代码\uCOSIII\IAR\Debug\Obj\os_var.o
#        H:\四轴代码\uCOSIII\IAR\Debug\Obj\Quaternion.o
#        H:\四轴代码\uCOSIII\IAR\Debug\Obj\sd_diskio.o
#        H:\四轴代码\uCOSIII\IAR\Debug\Obj\stm32f4xx_hal.o
#        H:\四轴代码\uCOSIII\IAR\Debug\Obj\stm32f4xx_hal_adc.o
#        H:\四轴代码\uCOSIII\IAR\Debug\Obj\stm32f4xx_hal_adc_ex.o
#        H:\四轴代码\uCOSIII\IAR\Debug\Obj\stm32f4xx_hal_can.o
#        H:\四轴代码\uCOSIII\IAR\Debug\Obj\stm32f4xx_hal_cec.o
#        H:\四轴代码\uCOSIII\IAR\Debug\Obj\stm32f4xx_hal_cortex.o
#        H:\四轴代码\uCOSIII\IAR\Debug\Obj\stm32f4xx_hal_crc.o
#        H:\四轴代码\uCOSIII\IAR\Debug\Obj\stm32f4xx_hal_cryp.o
#        H:\四轴代码\uCOSIII\IAR\Debug\Obj\stm32f4xx_hal_cryp_ex.o
#        H:\四轴代码\uCOSIII\IAR\Debug\Obj\stm32f4xx_hal_dac.o
#        H:\四轴代码\uCOSIII\IAR\Debug\Obj\stm32f4xx_hal_dac_ex.o
#        H:\四轴代码\uCOSIII\IAR\Debug\Obj\stm32f4xx_hal_dcmi.o
#        H:\四轴代码\uCOSIII\IAR\Debug\Obj\stm32f4xx_hal_dcmi_ex.o
#        H:\四轴代码\uCOSIII\IAR\Debug\Obj\stm32f4xx_hal_dma.o
#        H:\四轴代码\uCOSIII\IAR\Debug\Obj\stm32f4xx_hal_dma2d.o
#        H:\四轴代码\uCOSIII\IAR\Debug\Obj\stm32f4xx_hal_dma_ex.o
#        H:\四轴代码\uCOSIII\IAR\Debug\Obj\stm32f4xx_hal_dsi.o
#        H:\四轴代码\uCOSIII\IAR\Debug\Obj\stm32f4xx_hal_eth.o
#        H:\四轴代码\uCOSIII\IAR\Debug\Obj\stm32f4xx_hal_flash.o
#        H:\四轴代码\uCOSIII\IAR\Debug\Obj\stm32f4xx_hal_flash_ex.o
#        H:\四轴代码\uCOSIII\IAR\Debug\Obj\stm32f4xx_hal_flash_ramfunc.o
#        H:\四轴代码\uCOSIII\IAR\Debug\Obj\stm32f4xx_hal_fmpi2c.o
#        H:\四轴代码\uCOSIII\IAR\Debug\Obj\stm32f4xx_hal_fmpi2c_ex.o
#        H:\四轴代码\uCOSIII\IAR\Debug\Obj\stm32f4xx_hal_gpio.o
#        H:\四轴代码\uCOSIII\IAR\Debug\Obj\stm32f4xx_hal_hash.o
#        H:\四轴代码\uCOSIII\IAR\Debug\Obj\stm32f4xx_hal_hash_ex.o
#        H:\四轴代码\uCOSIII\IAR\Debug\Obj\stm32f4xx_hal_hcd.o
#        H:\四轴代码\uCOSIII\IAR\Debug\Obj\stm32f4xx_hal_i2c.o
#        H:\四轴代码\uCOSIII\IAR\Debug\Obj\stm32f4xx_hal_i2c_ex.o
#        H:\四轴代码\uCOSIII\IAR\Debug\Obj\stm32f4xx_hal_i2s.o
#        H:\四轴代码\uCOSIII\IAR\Debug\Obj\stm32f4xx_hal_i2s_ex.o
#        H:\四轴代码\uCOSIII\IAR\Debug\Obj\stm32f4xx_hal_irda.o
#        H:\四轴代码\uCOSIII\IAR\Debug\Obj\stm32f4xx_hal_iwdg.o
#        H:\四轴代码\uCOSIII\IAR\Debug\Obj\stm32f4xx_hal_lptim.o
#        H:\四轴代码\uCOSIII\IAR\Debug\Obj\stm32f4xx_hal_ltdc.o
#        H:\四轴代码\uCOSIII\IAR\Debug\Obj\stm32f4xx_hal_ltdc_ex.o
#        H:\四轴代码\uCOSIII\IAR\Debug\Obj\stm32f4xx_hal_msp.o
#        H:\四轴代码\uCOSIII\IAR\Debug\Obj\stm32f4xx_hal_nand.o
#        H:\四轴代码\uCOSIII\IAR\Debug\Obj\stm32f4xx_hal_nor.o
#        H:\四轴代码\uCOSIII\IAR\Debug\Obj\stm32f4xx_hal_pccard.o
#        H:\四轴代码\uCOSIII\IAR\Debug\Obj\stm32f4xx_hal_pcd.o
#        H:\四轴代码\uCOSIII\IAR\Debug\Obj\stm32f4xx_hal_pcd_ex.o
#        H:\四轴代码\uCOSIII\IAR\Debug\Obj\stm32f4xx_hal_pwr.o
#        H:\四轴代码\uCOSIII\IAR\Debug\Obj\stm32f4xx_hal_pwr_ex.o
#        H:\四轴代码\uCOSIII\IAR\Debug\Obj\stm32f4xx_hal_qspi.o
#        H:\四轴代码\uCOSIII\IAR\Debug\Obj\stm32f4xx_hal_rcc.o
#        H:\四轴代码\uCOSIII\IAR\Debug\Obj\stm32f4xx_hal_rcc_ex.o
#        H:\四轴代码\uCOSIII\IAR\Debug\Obj\stm32f4xx_hal_rng.o
#        H:\四轴代码\uCOSIII\IAR\Debug\Obj\stm32f4xx_hal_rtc.o
#        H:\四轴代码\uCOSIII\IAR\Debug\Obj\stm32f4xx_hal_rtc_ex.o
#        H:\四轴代码\uCOSIII\IAR\Debug\Obj\stm32f4xx_hal_sai.o
#        H:\四轴代码\uCOSIII\IAR\Debug\Obj\stm32f4xx_hal_sai_ex.o
#        H:\四轴代码\uCOSIII\IAR\Debug\Obj\stm32f4xx_hal_sd.o
#        H:\四轴代码\uCOSIII\IAR\Debug\Obj\stm32f4xx_hal_sdram.o
#        H:\四轴代码\uCOSIII\IAR\Debug\Obj\stm32f4xx_hal_smartcard.o
#        H:\四轴代码\uCOSIII\IAR\Debug\Obj\stm32f4xx_hal_spdifrx.o
#        H:\四轴代码\uCOSIII\IAR\Debug\Obj\stm32f4xx_hal_spi.o
#        H:\四轴代码\uCOSIII\IAR\Debug\Obj\stm32f4xx_hal_sram.o
#        H:\四轴代码\uCOSIII\IAR\Debug\Obj\stm32f4xx_hal_tim.o
#        H:\四轴代码\uCOSIII\IAR\Debug\Obj\stm32f4xx_hal_tim_ex.o
#        H:\四轴代码\uCOSIII\IAR\Debug\Obj\stm32f4xx_hal_uart.o
#        H:\四轴代码\uCOSIII\IAR\Debug\Obj\stm32f4xx_hal_usart.o
#        H:\四轴代码\uCOSIII\IAR\Debug\Obj\stm32f4xx_hal_wwdg.o
#        H:\四轴代码\uCOSIII\IAR\Debug\Obj\stm32f4xx_it.o
#        H:\四轴代码\uCOSIII\IAR\Debug\Obj\stm32f4xx_ll_fmc.o
#        H:\四轴代码\uCOSIII\IAR\Debug\Obj\stm32f4xx_ll_fsmc.o
#        H:\四轴代码\uCOSIII\IAR\Debug\Obj\stm32f4xx_ll_sdmmc.o
#        H:\四轴代码\uCOSIII\IAR\Debug\Obj\stm32f4xx_ll_usb.o
#        H:\四轴代码\uCOSIII\IAR\Debug\Obj\syscall.o
#        H:\四轴代码\uCOSIII\IAR\Debug\Obj\system_stm32f4xx.o
#        H:\四轴代码\uCOSIII\IAR\Debug\Obj\UKF.o
#        H:\四轴代码\uCOSIII\IAR\Debug\Obj\unicode.o -o
#        H:\四轴代码\uCOSIII\IAR\Debug\Exe\c.out --redirect _Printf=_PrintfFull
#        --redirect _Scanf=_ScanfFull --map
#        H:\四轴代码\uCOSIII\IAR\Debug\List\c.map --config
#        H:\四轴代码\uCOSIII\BSP\STM32F4xx_FLASH.icf --semihosting --entry
#        __iar_program_start "H:\IAR Systems\Embedded Workbench
#        7.3\arm\CMSIS\Lib\IAR\iar_cortexM4lf_math.a" --vfe
#
###############################################################################

*******************************************************************************
*** RUNTIME MODEL ATTRIBUTES
***

CppFlavor                     = *
__Heap_Handler                = DLMalloc
__SystemLibrary               = DLib
__dlib_dynamic_initialization = normal


*******************************************************************************
*** PLACEMENT SUMMARY
***

"A1":  place at 0x08000000 { ro section .intvec };
"P1":  place in [from 0x08000200 to 0x080fffff] { ro };
"P2":  place in [from 0x20000000 to 0x2001ffff] { rw, block CSTACK, block HEAP };

  Section             Kind        Address     Size  Object
  -------             ----        -------     ----  ------
"A1":                                        0x188
  .intvec             const    0x08000000    0x188  cstartup.o [1]
                             - 0x08000188    0x188

"P1":                                      0x16351
  .text               ro code  0x08000200   0x2788  ff.o [1]
  .text               ro code  0x08002988     0xb0  diskio.o [1]
  .text               ro code  0x08002a38     0x8c  unicode.o [1]
  .text               ro code  0x08002ac4     0x20  fatfs.o [1]
  .text               ro code  0x08002ae4     0x64  ff_gen_drv.o [1]
  .text               ro code  0x08002b48   0x157c  AHRS.o [1]
  .text               ro code  0x080040c4    0x250  stm32f4xx_hal_gpio.o [1]
  .text               ro code  0x08004314    0xd2c  stm32f4xx_hal_spi.o [1]
  .text               ro code  0x08005040     0x76  ABImemcpy_unaligned.o [6]
  .text               ro code  0x080050b6      0xa  xsprout.o [3]
  .text               ro code  0x080050c0    0x3dc  ms5611.o [1]
  .text               ro code  0x0800549c    0x140  os_mem.o [1]
  .text               ro code  0x080055dc    0x314  os_q.o [1]
  .text               ro code  0x080058f0     0x4e  FltToDbl.o [5]
  .rodata             const    0x0800593e      0x2  os_cfg_app.o [1]
  .text               ro code  0x08005940    0x1a2  DblMul.o [5]
  .rodata             const    0x08005ae2      0x2  os_dbg.o [1]
  .text               ro code  0x08005ae4     0xe8  DblAdd.o [5]
  .text               ro code  0x08005bcc     0x90  DblToFlt.o [5]
  .text               ro code  0x08005c5c    0x1bc  lib_mem.o [1]
  .text               ro code  0x08005e18     0x22  Algorithm_filter.o [1]
  .rodata             const    0x08005e3a      0x2  os_dbg.o [1]
  .text               ro code  0x08005e3c     0xa8  Algorithm_math.o [1]
  .text               ro code  0x08005ee4    0x26a  Algorithm_quaternion.o [1]
  .rodata             const    0x0800614e      0x2  os_dbg.o [1]
  .text               ro code  0x08006150     0x90  arm_sin_f32.o [4]
  .text               ro code  0x080061e0     0x80  arm_cos_f32.o [4]
  .text               ro code  0x08006260     0xf4  atan2.o [5]
  .text               ro code  0x08006354    0x920  stm32f4xx_hal_tim.o [1]
  .text               ro code  0x08006c74    0x624  Android.o [1]
  .text               ro code  0x08007298    0x368  Function.o [1]
  .text               ro code  0x08007600    0x5e8  stm32f4xx_hal_msp.o [1]
  .text               ro code  0x08007be8    0x374  stm32f4xx_hal_dma.o [1]
  .text               ro code  0x08007f5c     0x5c  stm32f4xx_hal.o [1]
  .text               ro code  0x08007fb8    0x1fc  cpu_core.o [1]
  .text               ro code  0x080081b4    0x1dc  os_msg.o [1]
  .text               ro code  0x08008390    0x944  os_core.o [1]
  .text               ro code  0x08008cd4     0x3c  cpu_bsp.o [1]
  .text               ro code  0x08008d10    0x180  DblSub.o [5]
  .text               ro code  0x08008e90    0x256  DblDiv.o [5]
  .rodata             const    0x080090e6      0x2  os_dbg.o [1]
  .text               ro code  0x080090e8     0x5c  asinf.o [5]
  .text               ro code  0x08009144     0x6a  atan2f.o [5]
  .text               ro code  0x080091ae     0x40  xdtest.o [5]
  .rodata             const    0x080091ee      0x2  os_dbg.o [1]
  .text               ro code  0x080091f0     0x2e  DblCmpLe.o [5]
  .rodata             const    0x0800921e      0x2  os_dbg.o [1]
  .text               ro code  0x08009220    0x1f0  xatan.o [5]
  .text               ro code  0x08009410   0x12a4  Control.o [1]
  .text               ro code  0x0800a6b4     0xa2  stm32f4xx_hal_tim_ex.o [1]
  .rodata             const    0x0800a756      0x2  os_dbg.o [1]
  .text               ro code  0x0800a758   0x14f0  dlmalloc.o [3]
  .text               ro code  0x0800bc48    0x9c4  stm32f4xx_hal_uart.o [1]
  .text               ro code  0x0800c60c    0x144  stm32f4xx_hal_cortex.o [1]
  .text               ro code  0x0800c750     0xf8  bsp.o [1]
  .text               ro code  0x0800c848    0x1e0  os_time.o [1]
  .text               ro code  0x0800ca28     0xb6  lib_str.o [1]
  .rodata             const    0x0800cade      0x2  os_dbg.o [1]
  .text               ro code  0x0800cae0    0x384  os_cpu_c.o [1]
  .text               ro code  0x0800ce64     0x88  os_prio.o [1]
  .text               ro code  0x0800ceec     0x1c  os_flag.o [1]
  .text               ro code  0x0800cf08    0x45a  os_mutex.o [1]
  .rodata             const    0x0800d362      0x2  os_dbg.o [1]
  .text               ro code  0x0800d364     0x1c  os_sem.o [1]
  .text               ro code  0x0800d380    0xa94  os_task.o [1]
  .text               ro code  0x0800de14    0x498  os_tick.o [1]
  .text               ro code  0x0800e2ac    0x538  os_stat.o [1]
  .text               ro code  0x0800e7e4    0x210  os_tmr.o [1]
  .text               ro code  0x0800e9f4    0x1a0  os_dbg.o [1]
  .text               ro code  0x0800eb94     0xb8  os_cfg_app.o [1]
  CODE                ro code  0x0800ec4c    0x118  os_cpu_a.o [1]
  .text               ro code  0x0800ed64     0xa4  xatanf.o [5]
  .text               ro code  0x0800ee08      0xc  iarEdom.o [6]
  .text               ro code  0x0800ee14     0x2e  DblCmpGe.o [5]
  .rodata             const    0x0800ee42      0x2  os_dbg.o [1]
  .text               ro code  0x0800ee44    0x6e4  Init.o [1]
  .text               ro code  0x0800f528    0x5fc  filefunction.o [1]
  .text               ro code  0x0800fb24      0x6  abort.o [3]
  .rodata             const    0x0800fb2a      0x2  os_dbg.o [1]
  .text               ro code  0x0800fb2c     0x2c  xgetmemchunk.o [3]
  .text               ro code  0x0800fb58    0x754  stm32f4xx_hal_rcc.o [1]
  .text               ro code  0x080102ac    0x3c6  bsp_int.o [1]
  .rodata             const    0x08010672      0x2  os_dbg.o [1]
  .text               ro code  0x08010674     0x78  stm32f4xx_hal_rcc_ex.o [1]
  CODE                ro code  0x080106ec     0x34  cpu_a.o [1]
  .text               ro code  0x08010720      0xc  errno.o [3]
  .text               ro code  0x0801072c    0x200  BlueToothDTU.o [1]
  .text               ro code  0x0801092c    0xa90  minIni.o [1]
  .text               ro code  0x080113bc     0x10  atof.o [5]
  .text               ro code  0x080113cc     0x34  sprintf.o [3]
  .text               ro code  0x08011400      0x8  atoi.o [3]
  .text               ro code  0x08011408     0x14  exit.o [7]
  .text               ro code  0x0801141c    0x134  cpu_c.o [1]
  .text               ro code  0x08011550      0x2  xtls.o [3]
  .rodata             const    0x08011552      0x2  os_dbg.o [1]
  .text               ro code  0x08011554     0x36  strlen.o [6]
  .text               ro code  0x0801158a     0x14  tolower.o [3]
  .rodata             const    0x0801159e      0x2  os_dbg.o [1]
  .text               ro code  0x080115a0     0x16  strchr.o [6]
  .text               ro code  0x080115b6      0x8  minIni.o [1]
  .rodata             const    0x080115be      0x2  os_dbg.o [1]
  .text               ro code  0x080115c0     0x44  strcpy_unaligned.o [6]
  .text               ro code  0x08011604     0x42  strcmp_unaligned.o [6]
  .rodata             const    0x08011646      0x2  os_dbg.o [1]
  .text               ro code  0x08011648    0x168  xstod.o [5]
  .text               ro code  0x080117b0   0x1152  xprintffull.o [3]
  .rodata             const    0x08012902      0x2  os_dbg.o [1]
  .text               ro code  0x08012904    0x198  xstoul.o [3]
  .text               ro code  0x08012a9c     0x24  setlocale.o [3]
  .text               ro code  0x08012ac0      0xc  xlocale_c.o [3]
  .text               ro code  0x08012acc     0x18  strrchr.o [3]
  .text               ro code  0x08012ae4    0x124  xstopfx.o [3]
  .text               ro code  0x08012c08    0x1b8  xstoflt.o [3]
  .text               ro code  0x08012dc0     0x30  I32ToDbl.o [5]
  .text               ro code  0x08012df0    0x200  xdtento.o [5]
  .text               ro code  0x08012ff0    0x218  xstoxflt.o [3]
  .text               ro code  0x08013208    0x114  xdscale.o [5]
  .text               ro code  0x0801331c     0x20  xmbtowc.o [3]
  .text               ro code  0x0801333c     0x58  memchr.o [6]
  .text               ro code  0x08013394      0xa  xmbcurmax.o [3]
  .text               ro code  0x0801339e     0x1a  xwctomb.o [3]
  .text               ro code  0x080133b8     0xee  I64DivMod.o [6]
  .text               ro code  0x080134a6     0x42  xdnorm.o [5]
  .text               ro code  0x080134e8     0x58  DblToI32.o [5]
  .text               ro code  0x08013540     0x6c  localeconv.o [3]
  .text               ro code  0x080135ac      0xe  div.o [3]
  .text               ro code  0x080135ba     0x28  isxxx.o [3]
  .rodata             const    0x080135e2      0x2  os_dbg.o [1]
  .text               ro code  0x080135e4     0x20  DblCmpEq.o [5]
  .text               ro code  0x08013604     0x52  xdunscal.o [5]
  .rodata             const    0x08013656      0x2  os_dbg.o [1]
  .text               ro code  0x08013658     0x60  xencoding_sb.o [3]
  .text               ro code  0x080136b8      0x2  I64DivZer.o [6]
  .text               ro code  0x080136ba     0x16  xlocale_c.o [3]
  .text               ro code  0x080136d0     0x14  xlocale_c.o [3]
  .text               ro code  0x080136e4   0x1410  stm32f4xx_hal_sd.o [1]
  .text               ro code  0x08014af4     0xc4  stm32f4xx_ll_sdmmc.o [1]
  .rodata             const    0x08014bb8    0x804  arm_common_tables.o [4]
  .rodata             const    0x080153bc    0x1e0  unicode.o [1]
  .rodata             const    0x0801559c    0x1e0  unicode.o [1]
  .text               ro code  0x0801577c    0x1a4  app.o [1]
  .text               ro code  0x08015920     0x2c  lib_math.o [1]
  .text               ro code  0x0801594c     0x98  os_app_hooks.o [1]
  .rodata             const    0x080159e4    0x100  unicode.o [1]
  .text               ro code  0x08015ae4     0xf0  sd_diskio.o [1]
  .text               ro code  0x08015bd4     0xb8  bsp_driver_sd.o [1]
  .text               ro code  0x08015c8c     0x9c  stm32f4xx_it.o [1]
  .rodata             const    0x08015d28     0x80  ff.o [1]
  .text               ro code  0x08015da8     0x6c  system_stm32f4xx.o [1]
  .rodata             const    0x08015e14     0x64  BlueToothDTU.o [1]
  .text               ro code  0x08015e78     0x64  cstartup.o [1]
  .text               ro code  0x08015edc      0xc  cstartup_M.o [6]
  .text               ro code  0x08015ee8     0x22  fpinit_M.o [5]
  .rodata             const    0x08015f0a      0x2  os_dbg.o [1]
  .text               ro code  0x08015f0c     0x1a  cmain.o [6]
  .text               ro code  0x08015f26      0x4  low_level_init.o [3]
  .rodata             const    0x08015f2a      0x2  os_dbg.o [1]
  .text               ro code  0x08015f2c     0x28  data_init.o [6]
  .text               ro code  0x08015f54      0x4  exit.o [3]
  .text               ro code  0x08015f58      0xa  cexit.o [6]
  .text               ro code  0x08015f62     0x40  zero_init3.o [6]
  .text               ro code  0x08015fa2     0x38  packbits_init_single.o [6]
  .rodata             const    0x08015fda      0x1  os_cfg_app.o [1]
  .rodata             const    0x08015fdb      0x1  os_cfg_app.o [1]
  .rodata             const    0x08015fdc     0x30  os_dbg.o [1]
  .rodata             const    0x0801600c     0x30  os_dbg.o [1]
  .rodata             const    0x0801603c     0x30  os_dbg.o [1]
  .rodata             const    0x0801606c     0x28  os_dbg.o [1]
  .rodata             const    0x08016094     0x28  os_dbg.o [1]
  .iar.init_table     const    0x080160bc     0x20  - Linker created -
  .rodata             const    0x080160dc     0x20  os_dbg.o [1]
  .rodata             const    0x080160fc     0x18  os_tmr.o [1]
  .rodata             const    0x08016114     0x14  AHRS.o [1]
  .rodata             const    0x08016128     0x14  os_core.o [1]
  .rodata             const    0x0801613c     0x14  os_stat.o [1]
  .rodata             const    0x08016150     0x14  os_tick.o [1]
  .rodata             const    0x08016164     0x14  sd_diskio.o [1]
  .rodata             const    0x08016178     0x10  AHRS.o [1]
  .rodata             const    0x08016188     0x10  app.o [1]
  .rodata             const    0x08016198     0x10  app.o [1]
  .rodata             const    0x080161a8     0x10  Control.o [1]
  .rodata             const    0x080161b8     0x10  Control.o [1]
  .rodata             const    0x080161c8     0x10  Control.o [1]
  .rodata             const    0x080161d8     0x10  Control.o [1]
  .rodata             const    0x080161e8     0x10  Control.o [1]
  .rodata             const    0x080161f8     0x10  Control.o [1]
  .rodata             const    0x08016208     0x10  Control.o [1]
  .rodata             const    0x08016218     0x10  ff.o [1]
  .rodata             const    0x08016228     0x10  filefunction.o [1]
  .rodata             const    0x08016238     0x10  filefunction.o [1]
  .rodata             const    0x08016248     0x10  os_tmr.o [1]
  .rodata             const    0x08016258     0x10  stm32f4xx_hal_rcc.o [1]
  .rodata             const    0x08016268      0xc  AHRS.o [1]
  .rodata             const    0x08016274      0xc  app.o [1]
  .rodata             const    0x08016280      0xc  app.o [1]
  .rodata             const    0x0801628c      0xc  app.o [1]
  .rodata             const    0x08016298      0xc  Control.o [1]
  .rodata             const    0x080162a4      0xc  Control.o [1]
  .rodata             const    0x080162b0      0xc  Control.o [1]
  .rodata             const    0x080162bc      0xc  Control.o [1]
  .rodata             const    0x080162c8      0xc  Control.o [1]
  .rodata             const    0x080162d4      0xc  Control.o [1]
  .rodata             const    0x080162e0      0xc  Control.o [1]
  .rodata             const    0x080162ec      0xc  Control.o [1]
  .rodata             const    0x080162f8      0xc  Control.o [1]
  .rodata             const    0x08016304      0xc  Control.o [1]
  .rodata             const    0x08016310      0xc  Control.o [1]
  .rodata             const    0x0801631c      0xc  ff.o [1]
  .rodata             const    0x08016328      0xc  filefunction.o [1]
  .rodata             const    0x08016334      0xc  filefunction.o [1]
  .rodata             const    0x08016340      0xc  filefunction.o [1]
  .rodata             const    0x0801634c      0xc  filefunction.o [1]
  .rodata             const    0x08016358      0xc  filefunction.o [1]
  .rodata             const    0x08016364      0xc  filefunction.o [1]
  .rodata             const    0x08016370      0xc  os_core.o [1]
  .rodata             const    0x0801637c      0x8  BlueToothDTU.o [1]
  .rodata             const    0x08016384      0x8  Control.o [1]
  .rodata             const    0x0801638c      0x8  Control.o [1]
  .rodata             const    0x08016394      0x8  Control.o [1]
  .rodata             const    0x0801639c      0x8  Control.o [1]
  .rodata             const    0x080163a4      0x8  Control.o [1]
  .rodata             const    0x080163ac      0x8  Control.o [1]
  .rodata             const    0x080163b4      0x8  Control.o [1]
  .rodata             const    0x080163bc      0x8  Control.o [1]
  .rodata             const    0x080163c4      0x8  Control.o [1]
  .rodata             const    0x080163cc      0x8  Control.o [1]
  .rodata             const    0x080163d4      0x8  Control.o [1]
  .rodata             const    0x080163dc      0x8  Control.o [1]
  .rodata             const    0x080163e4      0x8  Control.o [1]
  .rodata             const    0x080163ec      0x8  Control.o [1]
  .rodata             const    0x080163f4      0x8  Control.o [1]
  .rodata             const    0x080163fc      0x8  Control.o [1]
  .rodata             const    0x08016404      0x8  Control.o [1]
  .rodata             const    0x0801640c      0x8  Control.o [1]
  .rodata             const    0x08016414      0x8  Control.o [1]
  .rodata             const    0x0801641c      0x8  Control.o [1]
  .rodata             const    0x08016424      0x8  Control.o [1]
  .rodata             const    0x0801642c      0x8  Control.o [1]
  .rodata             const    0x08016434      0x8  ff.o [1]
  .rodata             const    0x0801643c      0x8  filefunction.o [1]
  .rodata             const    0x08016444      0x8  filefunction.o [1]
  .rodata             const    0x0801644c      0x8  filefunction.o [1]
  .rodata             const    0x08016454      0x8  filefunction.o [1]
  .rodata             const    0x0801645c      0x8  filefunction.o [1]
  .rodata             const    0x08016464      0x8  lib_mem.o [1]
  .rodata             const    0x0801646c      0x8  os_core.o [1]
  .rodata             const    0x08016474      0x8  os_task.o [1]
  .rodata             const    0x0801647c      0x8  stm32f4xx_hal_dma.o [1]
  .rodata             const    0x08016484      0x4  BlueToothDTU.o [1]
  .rodata             const    0x08016488      0x4  BlueToothDTU.o [1]
  .rodata             const    0x0801648c      0x4  os_cfg_app.o [1]
  .rodata             const    0x08016490      0x4  os_cfg_app.o [1]
  .rodata             const    0x08016494      0x4  os_cfg_app.o [1]
  .rodata             const    0x08016498      0x4  os_cfg_app.o [1]
  .rodata             const    0x0801649c      0x4  os_cfg_app.o [1]
  .rodata             const    0x080164a0      0x4  os_cfg_app.o [1]
  .rodata             const    0x080164a4      0x4  os_cfg_app.o [1]
  .rodata             const    0x080164a8      0x4  os_cfg_app.o [1]
  .rodata             const    0x080164ac      0x4  os_cfg_app.o [1]
  .rodata             const    0x080164b0      0x4  os_cfg_app.o [1]
  .rodata             const    0x080164b4      0x4  os_cfg_app.o [1]
  .rodata             const    0x080164b8      0x4  os_cfg_app.o [1]
  .rodata             const    0x080164bc      0x4  os_cfg_app.o [1]
  .rodata             const    0x080164c0      0x4  os_cfg_app.o [1]
  .rodata             const    0x080164c4      0x4  os_cfg_app.o [1]
  .rodata             const    0x080164c8      0x4  os_cfg_app.o [1]
  .rodata             const    0x080164cc      0x4  os_cfg_app.o [1]
  .rodata             const    0x080164d0      0x4  os_cfg_app.o [1]
  .rodata             const    0x080164d4      0x4  os_cfg_app.o [1]
  .rodata             const    0x080164d8      0x4  os_cfg_app.o [1]
  .rodata             const    0x080164dc      0x4  os_cfg_app.o [1]
  .rodata             const    0x080164e0      0x4  os_cfg_app.o [1]
  .rodata             const    0x080164e4      0x4  os_cfg_app.o [1]
  .rodata             const    0x080164e8      0x4  os_cfg_app.o [1]
  .rodata             const    0x080164ec      0x4  os_cfg_app.o [1]
  .rodata             const    0x080164f0      0x4  os_cfg_app.o [1]
  .rodata             const    0x080164f4      0x4  os_dbg.o [1]
  .rodata             const    0x080164f8      0x4  os_dbg.o [1]
  .rodata             const    0x080164fc      0x4  os_dbg.o [1]
  .rodata             const    0x08016500      0x1  os_cfg_app.o [1]
  .rodata             const    0x08016501      0x1  os_dbg.o [1]
  .rodata             const    0x08016502      0x1  os_dbg.o [1]
  .rodata             const    0x08016503      0x1  os_dbg.o [1]
  .rodata             const    0x08016504      0x1  os_dbg.o [1]
  .rodata             const    0x08016505      0x1  os_dbg.o [1]
  .rodata             const    0x08016506      0x1  os_dbg.o [1]
  .rodata             const    0x08016507      0x1  os_dbg.o [1]
  .rodata             const    0x08016508      0x1  os_dbg.o [1]
  .rodata             const    0x08016509      0x1  os_dbg.o [1]
  .rodata             const    0x0801650a      0x1  os_dbg.o [1]
  .rodata             const    0x0801650b      0x1  os_dbg.o [1]
  .rodata             const    0x0801650c      0x1  os_dbg.o [1]
  .rodata             const    0x0801650d      0x1  os_dbg.o [1]
  .rodata             const    0x0801650e      0x1  os_dbg.o [1]
  .rodata             const    0x0801650f      0x1  os_dbg.o [1]
  .rodata             const    0x08016510      0x1  os_dbg.o [1]
  .rodata             const    0x08016511      0x1  os_dbg.o [1]
  .rodata             const    0x08016512      0x1  os_dbg.o [1]
  .rodata             const    0x08016513      0x1  os_dbg.o [1]
  .rodata             const    0x08016514      0x1  os_dbg.o [1]
  .rodata             const    0x08016515      0x1  os_dbg.o [1]
  .rodata             const    0x08016516      0x1  os_dbg.o [1]
  .rodata             const    0x08016517      0x1  os_dbg.o [1]
  .rodata             const    0x08016518      0x1  os_dbg.o [1]
  .rodata             const    0x08016519      0x1  os_dbg.o [1]
  .rodata             const    0x0801651a      0x1  os_dbg.o [1]
  .rodata             const    0x0801651b      0x1  os_dbg.o [1]
  .rodata             const    0x0801651c      0x1  os_dbg.o [1]
  .rodata             const    0x0801651d      0x1  os_dbg.o [1]
  .rodata             const    0x0801651e      0x1  os_dbg.o [1]
  .rodata             const    0x0801651f      0x1  os_dbg.o [1]
  .rodata             const    0x08016520      0x1  os_dbg.o [1]
  .rodata             const    0x08016521      0x1  os_dbg.o [1]
  .rodata             const    0x08016522      0x1  os_dbg.o [1]
  .rodata             const    0x08016523      0x1  os_dbg.o [1]
  .rodata             const    0x08016524      0x1  os_dbg.o [1]
  .rodata             const    0x08016525      0x1  os_dbg.o [1]
  .rodata             const    0x08016526      0x1  os_dbg.o [1]
  .rodata             const    0x08016527      0x1  os_dbg.o [1]
  .rodata             const    0x08016528      0x0  zero_init3.o [6]
  .rodata             const    0x08016528      0x0  packbits_init_single.o [6]
  Initializer bytes   const    0x08016528     0x29  <for P2-1>
                             - 0x08016551  0x16351

"P2", part 1 of 3:                           0x125
  P2-1                         0x20000000    0x125  <Init block>
    .data             inited   0x20000000      0x4  AHRS.o [1]
    .data             inited   0x20000004      0x4  AHRS.o [1]
    .data             inited   0x20000008     0x10  AHRS.o [1]
    .data             inited   0x20000018      0x4  AHRS.o [1]
    .data             inited   0x2000001c      0x4  system_stm32f4xx.o [1]
    __DLIB_PERTHREAD  inited   0x20000020     0x74  setlocale.o [3]
    __DLIB_PERTHREAD  inited   0x20000094      0x4  errno.o [3]
    __DLIB_PERTHREAD  inited   0x20000098     0x88  localeconv.o [3]
    .data             inited   0x20000120      0x2  AHRS.o [1]
    .data             inited   0x20000122      0x2  Control.o [1]
    .data             inited   0x20000124      0x1  sd_diskio.o [1]
                             - 0x20000125    0x125

"P2", part 2 of 3:                          0x5dc0
  CSTACK                       0x20000128   0x3e80  <Block>
    CSTACK            uninit   0x20000128   0x3e80  <Block tail>
  HEAP                         0x20003fa8   0x1f40  <Block>
    HEAP              uninit   0x20003fa8   0x1f40  <Block tail>
                             - 0x20005ee8   0x5dc0

"P2", part 3 of 3:                          0xcee4
  .bss                zero     0x20005ee8   0x4000  app.o [1]
  .bss                zero     0x20009ee8   0x3000  app.o [1]
  .bss                zero     0x2000cee8   0x2000  app.o [1]
  .bss                zero     0x2000eee8   0x1000  app.o [1]
  .bss                zero     0x2000fee8    0x640  os_cfg_app.o [1]
  .bss                zero     0x20010528    0x400  lib_mem.o [1]
  .bss                zero     0x20010928    0x3e8  Android.o [1]
  .bss                zero     0x20010d10    0x230  Init.o [1]
  .bss                zero     0x20010f40    0x200  os_cfg_app.o [1]
  .bss                zero     0x20011140    0x200  os_cfg_app.o [1]
  .bss                zero     0x20011340    0x200  os_cfg_app.o [1]
  .bss                zero     0x20011540    0x1d8  dlmalloc.o [3]
  .bss                zero     0x20011718    0x190  os_cfg_app.o [1]
  .bss                zero     0x200118a8    0x190  os_cfg_app.o [1]
  .bss                zero     0x20011a38    0x180  os_var.o [1]
  .bss                zero     0x20011bb8    0x148  bsp_int.o [1]
  .bss                zero     0x20011d00     0xec  Control.o [1]
  .bss                zero     0x20011dec     0xc0  app.o [1]
  .bss                zero     0x20011eac     0xc0  app.o [1]
  .bss                zero     0x20011f6c     0xc0  app.o [1]
  .bss                zero     0x2001202c     0xc0  app.o [1]
  .bss                zero     0x200120ec     0xc0  os_var.o [1]
  .bss                zero     0x200121ac     0xc0  os_var.o [1]
  .bss                zero     0x2001226c     0xc0  os_var.o [1]
  .bss                zero     0x2001232c     0xc0  os_var.o [1]
  .bss                zero     0x200123ec     0x78  Android.o [1]
  .bss                zero     0x20012464     0x70  AHRS.o [1]
  .bss                zero     0x200124d4     0x60  Init.o [1]
  .bss                zero     0x20012534     0x58  AHRS.o [1]
  .bss                zero     0x2001258c     0x58  Init.o [1]
  .bss                zero     0x200125e4     0x58  Init.o [1]
  .bss                zero     0x2001263c     0x58  Init.o [1]
  .bss                zero     0x20012694     0x58  Init.o [1]
  .bss                zero     0x200126ec     0x58  Init.o [1]
  .bss                zero     0x20012744     0x3c  Function.o [1]
  .bss                zero     0x20012780     0x58  Init.o [1]
  .bss                zero     0x200127d8     0x58  Init.o [1]
  .bss                zero     0x20012830     0x58  Init.o [1]
  .bss                zero     0x20012888     0x40  Init.o [1]
  .bss                zero     0x200128c8     0x3c  Init.o [1]
  .bss                zero     0x20012904     0x3c  Init.o [1]
  .bss                zero     0x20012940     0x3c  Init.o [1]
  .bss                zero     0x2001297c     0x3c  Init.o [1]
  .bss                zero     0x200129b8     0x3c  Init.o [1]
  .bss                zero     0x200129f4     0x3c  Init.o [1]
  .bss                zero     0x20012a30     0x38  Control.o [1]
  .bss                zero     0x20012a68     0x30  AHRS.o [1]
  .bss                zero     0x20012a98     0x30  Control.o [1]
  .bss                zero     0x20012ac8     0x30  os_var.o [1]
  .bss                zero     0x20012af8     0x28  AHRS.o [1]
  .bss                zero     0x20012b20     0x24  Control.o [1]
  .bss                zero     0x20012b44     0x20  AHRS.o [1]
  .bss                zero     0x20012b64     0x1c  AHRS.o [1]
  .bss                zero     0x20012b80     0x18  ff.o [1]
  .bss                zero     0x20012b98     0x18  dlmalloc.o [3]
  .bss                zero     0x20012bb0     0x14  lib_mem.o [1]
  .bss                zero     0x20012bc4     0x10  Control.o [1]
  .bss                zero     0x20012bd4     0x10  cpu_core.o [1]
  .bss                zero     0x20012be4      0xc  AHRS.o [1]
  .bss                zero     0x20012bf0      0xc  AHRS.o [1]
  .bss                zero     0x20012bfc      0xc  AHRS.o [1]
  .bss                zero     0x20012c08      0xc  AHRS.o [1]
  .bss                zero     0x20012c14      0xc  Control.o [1]
  .bss                zero     0x20012c20      0xc  ff_gen_drv.o [1]
  .bss                zero     0x20012c2c      0xc  os_var.o [1]
  .bss                zero     0x20012c38      0x8  AHRS.o [1]
  .bss                zero     0x20012c40      0x8  AHRS.o [1]
  .bss                zero     0x20012c48      0x8  AHRS.o [1]
  .bss                zero     0x20012c50      0x8  Control.o [1]
  .bss                zero     0x20012c58      0x8  os_var.o [1]
  .bss                zero     0x20012c60      0x8  os_var.o [1]
  .bss                zero     0x20012c68      0x4  AHRS.o [1]
  .bss                zero     0x20012c6c      0x4  AHRS.o [1]
  .bss                zero     0x20012c70      0x4  AHRS.o [1]
  .bss                zero     0x20012c74      0x4  AHRS.o [1]
  .bss                zero     0x20012c78      0x4  AHRS.o [1]
  .bss                zero     0x20012c7c      0x4  AHRS.o [1]
  .bss                zero     0x20012c80      0x4  AHRS.o [1]
  .bss                zero     0x20012c84      0x4  AHRS.o [1]
  .bss                zero     0x20012c88      0x4  AHRS.o [1]
  .bss                zero     0x20012c8c      0x4  AHRS.o [1]
  .bss                zero     0x20012c90      0x4  AHRS.o [1]
  .bss                zero     0x20012c94      0x4  AHRS.o [1]
  .bss                zero     0x20012c98      0x4  AHRS.o [1]
  .bss                zero     0x20012c9c      0x4  AHRS.o [1]
  .bss                zero     0x20012ca0      0x4  AHRS.o [1]
  .bss                zero     0x20012ca4      0x4  AHRS.o [1]
  .bss                zero     0x20012ca8      0x4  Android.o [1]
  .bss                zero     0x20012cac      0x4  Android.o [1]
  .bss                zero     0x20012cb0      0x4  Android.o [1]
  .bss                zero     0x20012cb4      0x4  Android.o [1]
  .bss                zero     0x20012cb8      0x4  BlueToothDTU.o [1]
  .bss                zero     0x20012cbc      0x4  Control.o [1]
  .bss                zero     0x20012cc0      0x4  cpu_core.o [1]
  .bss                zero     0x20012cc4      0x4  cpu_core.o [1]
  .bss                zero     0x20012cc8      0x4  cpu_core.o [1]
  .bss                zero     0x20012ccc      0x4  cpu_core.o [1]
  .bss                zero     0x20012cd0      0x4  cpu_core.o [1]
  .bss                zero     0x20012cd4      0x4  cpu_core.o [1]
  .bss                zero     0x20012cd8      0x4  fatfs.o [1]
  .bss                zero     0x20012cdc      0x4  ff.o [1]
  .bss                zero     0x20012ce0      0x4  filefunction.o [1]
  .bss                zero     0x20012ce4      0x4  lib_math.o [1]
  .bss                zero     0x20012ce8      0x4  lib_mem.o [1]
  .bss                zero     0x20012cec      0x4  ms5611.o [1]
  .bss                zero     0x20012cf0      0x4  ms5611.o [1]
  .bss                zero     0x20012cf4      0x4  ms5611.o [1]
  .bss                zero     0x20012cf8      0x4  ms5611.o [1]
  .bss                zero     0x20012cfc      0x4  ms5611.o [1]
  .bss                zero     0x20012d00      0x4  os_cpu_c.o [1]
  .bss                zero     0x20012d04      0x4  os_prio.o [1]
  .bss                zero     0x20012d08      0x4  os_var.o [1]
  .bss                zero     0x20012d0c      0x4  os_var.o [1]
  .bss                zero     0x20012d10      0x4  os_var.o [1]
  .bss                zero     0x20012d14      0x4  os_var.o [1]
  .bss                zero     0x20012d18      0x4  os_var.o [1]
  .bss                zero     0x20012d1c      0x4  os_var.o [1]
  .bss                zero     0x20012d20      0x4  os_var.o [1]
  .bss                zero     0x20012d24      0x4  os_var.o [1]
  .bss                zero     0x20012d28      0x4  os_var.o [1]
  .bss                zero     0x20012d2c      0x4  os_var.o [1]
  .bss                zero     0x20012d30      0x4  os_var.o [1]
  .bss                zero     0x20012d34      0x4  os_var.o [1]
  .bss                zero     0x20012d38      0x4  os_var.o [1]
  .bss                zero     0x20012d3c      0x4  os_var.o [1]
  .bss                zero     0x20012d40      0x4  os_var.o [1]
  .bss                zero     0x20012d44      0x4  os_var.o [1]
  .bss                zero     0x20012d48      0x4  os_var.o [1]
  .bss                zero     0x20012d4c      0x4  os_var.o [1]
  .bss                zero     0x20012d50      0x4  os_var.o [1]
  .bss                zero     0x20012d54      0x4  os_var.o [1]
  .bss                zero     0x20012d58      0x4  os_var.o [1]
  .bss                zero     0x20012d5c      0x4  os_var.o [1]
  .bss                zero     0x20012d60      0x4  os_var.o [1]
  .bss                zero     0x20012d64      0x4  os_var.o [1]
  .bss                zero     0x20012d68      0x4  os_var.o [1]
  .bss                zero     0x20012d6c      0x4  os_var.o [1]
  .bss                zero     0x20012d70      0x4  os_var.o [1]
  .bss                zero     0x20012d74      0x4  os_var.o [1]
  .bss                zero     0x20012d78      0x4  os_var.o [1]
  .bss                zero     0x20012d7c      0x4  os_var.o [1]
  .bss                zero     0x20012d80      0x4  stm32f4xx_hal.o [1]
  .bss                zero     0x20012d84      0x4  xgetmemchunk.o [3]
  .bss                zero     0x20012d88      0x2  AHRS.o [1]
  .bss                zero     0x20012d8a      0x2  AHRS.o [1]
  .bss                zero     0x20012d8c      0x2  AHRS.o [1]
  .bss                zero     0x20012d8e      0x2  Android.o [1]
  .bss                zero     0x20012d90      0x2  Control.o [1]
  .bss                zero     0x20012d92      0x2  Control.o [1]
  .bss                zero     0x20012d94      0x2  Control.o [1]
  .bss                zero     0x20012d96      0x2  Control.o [1]
  .bss                zero     0x20012d98      0x2  cpu_core.o [1]
  .bss                zero     0x20012d9a      0x2  cpu_core.o [1]
  .bss                zero     0x20012d9c      0x2  ff.o [1]
  .bss                zero     0x20012d9e      0x2  filefunction.o [1]
  .bss                zero     0x20012da0      0x2  ms5611.o [1]
  .bss                zero     0x20012da2      0x2  ms5611.o [1]
  .bss                zero     0x20012da4      0x2  ms5611.o [1]
  .bss                zero     0x20012da6      0x2  ms5611.o [1]
  .bss                zero     0x20012da8      0x2  ms5611.o [1]
  .bss                zero     0x20012daa      0x2  ms5611.o [1]
  .bss                zero     0x20012dac      0x2  os_var.o [1]
  .bss                zero     0x20012dae      0x2  os_var.o [1]
  .bss                zero     0x20012db0      0x2  os_var.o [1]
  .bss                zero     0x20012db2      0x2  os_var.o [1]
  .bss                zero     0x20012db4      0x2  os_var.o [1]
  .bss                zero     0x20012db6      0x2  os_var.o [1]
  .bss                zero     0x20012db8      0x2  os_var.o [1]
  .bss                zero     0x20012dba      0x2  os_var.o [1]
  .bss                zero     0x20012dbc      0x2  os_var.o [1]
  .bss                zero     0x20012dbe      0x1  Android.o [1]
  .bss                zero     0x20012dbf      0x1  fatfs.o [1]
  .bss                zero     0x20012dc0      0x1  ms5611.o [1]
  .bss                zero     0x20012dc1      0x1  os_var.o [1]
  .bss                zero     0x20012dc2      0x1  os_var.o [1]
  .bss                zero     0x20012dc3      0x1  os_var.o [1]
  .bss                zero     0x20012dc4      0x1  os_var.o [1]
  .bss                zero     0x20012dc5      0x1  os_var.o [1]
  .bss                zero     0x20012dc6      0x1  os_var.o [1]
  .bss                zero     0x20012dc7      0x1  os_var.o [1]
  .bss                zero     0x20012dc8      0x1  os_var.o [1]
  .bss                zero     0x20012dc9      0x1  os_var.o [1]
                             - 0x20012dca   0xcee2


*******************************************************************************
*** INIT TABLE
***

          Address     Size
          -------     ----
Zero (__iar_zero_init3)
    1 destination range, total size 0xcee2:
          0x20005ee8  0xcee2

Copy/packbits (__iar_packbits_init_single3)
    1 source range, total size 0x29 (13% of destination):
          0x08016528    0x29
    1 destination range, total size 0x125:
          0x20000000   0x125



*******************************************************************************
*** MODULE SUMMARY
***

    Module                  ro code  ro data  rw data
    ------                  -------  -------  -------
H:\四轴代码\uCOSIII\IAR\Debug\Obj: [1]
    AHRS.o                    5 500       51      520
    Algorithm_filter.o           34
    Algorithm_math.o            168
    Algorithm_quaternion.o      618
    Android.o                 1 572             1 139
    BlueToothDTU.o              512      116        4
    Control.o                 4 772      420      426
    Function.o                  872                60
    Init.o                    1 764             1 784
    app.o                       420       68   41 728
    bsp.o                       248
    bsp_driver_sd.o             184
    bsp_int.o                   966               328
    cpu_a.o                      52
    cpu_bsp.o                    60
    cpu_c.o                     308
    cpu_core.o                  508                44
    cstartup.o                  100      392
    diskio.o                    176
    fatfs.o                      32                 5
    ff.o                     10 120      164       30
    ff_gen_drv.o                100                12
    filefunction.o            1 532      144        6
    lib_math.o                   44                 4
    lib_mem.o                   444        8    1 048
    lib_str.o                   182
    minIni.o                  2 712
    ms5611.o                    988                33
    os_app_hooks.o              152
    os_cfg_app.o                184      109    3 936
    os_core.o                 2 372       40
    os_cpu_a.o                  280
    os_cpu_c.o                  900                 4
    os_dbg.o                    416      349
    os_flag.o                    28
    os_mem.o                    320
    os_msg.o                    476
    os_mutex.o                1 114
    os_prio.o                   136                 4
    os_q.o                      788
    os_sem.o                     28
    os_stat.o                 1 336       20
    os_task.o                 2 708        8
    os_tick.o                 1 176       20
    os_time.o                   480
    os_tmr.o                    528       40
    os_var.o                                    1 375
    sd_diskio.o                 240       21        1
    stm32f4xx_hal.o              92                 4
    stm32f4xx_hal_cortex.o      324
    stm32f4xx_hal_dma.o         884        8
    stm32f4xx_hal_gpio.o        592
    stm32f4xx_hal_msp.o       1 512
    stm32f4xx_hal_rcc.o       1 876       16
    stm32f4xx_hal_rcc_ex.o      120
    stm32f4xx_hal_sd.o        5 136
    stm32f4xx_hal_spi.o       3 372
    stm32f4xx_hal_tim.o       2 336
    stm32f4xx_hal_tim_ex.o      162
    stm32f4xx_hal_uart.o      2 500
    stm32f4xx_it.o              156
    stm32f4xx_ll_sdmmc.o        196
    system_stm32f4xx.o          108        1        4
    unicode.o                   140    1 216
    -------------------------------------------------
    Total:                   68 156    3 211   52 499

command line: [2]
    -------------------------------------------------
    Total:

dl7M_tlf.a: [3]
    abort.o                       6
    atoi.o                        8
    div.o                        14
    dlmalloc.o                5 360               496
    errno.o                      12        1        4
    exit.o                        4
    isxxx.o                      40
    localeconv.o                108       19      136
    low_level_init.o              4
    setlocale.o                  36       16      116
    sprintf.o                    52
    strrchr.o                    24
    tolower.o                    20
    xencoding_sb.o               96
    xgetmemchunk.o               44                 4
    xlocale_c.o                  54
    xmbcurmax.o                  10
    xmbtowc.o                    32
    xprintffull.o             4 434
    xsprout.o                    10
    xstoflt.o                   440
    xstopfx.o                   292
    xstoul.o                    408
    xstoxflt.o                  536
    xtls.o                        2
    xwctomb.o                    26
    -------------------------------------------------
    Total:                   12 072       36      756

iar_cortexM4lf_math.a: [4]
    arm_common_tables.o                2 052
    arm_cos_f32.o               128
    arm_sin_f32.o               144
    -------------------------------------------------
    Total:                      272    2 052

m7M_tls.a: [5]
    DblAdd.o                    232
    DblCmpEq.o                   32
    DblCmpGe.o                   46
    DblCmpLe.o                   46
    DblDiv.o                    598
    DblMul.o                    418
    DblSub.o                    384
    DblToFlt.o                  144
    DblToI32.o                   88
    FltToDbl.o                   78
    I32ToDbl.o                   48
    asinf.o                      92
    atan2.o                     244
    atan2f.o                    106
    atof.o                       16
    fpinit_M.o                   34
    xatan.o                     496
    xatanf.o                    164
    xdnorm.o                     66
    xdscale.o                   276
    xdtento.o                   512
    xdtest.o                     64
    xdunscal.o                   82
    xstod.o                     360
    -------------------------------------------------
    Total:                    4 626

rt7M_tl.a: [6]
    ABImemcpy_unaligned.o       118
    I64DivMod.o                 238
    I64DivZer.o                   2
    cexit.o                      10
    cmain.o                      26
    cstartup_M.o                 12
    data_init.o                  40
    iarEdom.o                    12
    memchr.o                     88
    packbits_init_single.o       56
    strchr.o                     22
    strcmp_unaligned.o           66
    strcpy_unaligned.o           68
    strlen.o                     54
    zero_init3.o                 64
    -------------------------------------------------
    Total:                      876

shb_l.a: [7]
    exit.o                       20
    -------------------------------------------------
    Total:                       20

    Linker created                        32   24 000
-----------------------------------------------------
    Grand Total:             86 022    5 331   77 255


*******************************************************************************
*** ENTRY LIST
***

Entry                      Address    Size  Type      Object
-----                      -------    ----  ----      ------
.iar.init_table$$Base   0x080160bc           --   Gb  - Linker created -
.iar.init_table$$Limit  0x080160dc           --   Gb  - Linker created -
?main                   0x08015f0d          Code  Gb  cmain.o [6]
AHRSTask_TCB            0x20011f6c    0xc0  Data  Lc  app.o [1]
AHRS_Geteuler           0x080032d9   0x476  Code  Gb  AHRS.o [1]
AHRS_Q                  0x20012a68    0x30  Data  Lc  AHRS.o [1]
AHRS_RAWDataPartition   0x20012b44    0x20  Data  Lc  AHRS.o [1]
AHRS_RAWDataPartitionStorage
                        0x20012464    0x70  Data  Lc  AHRS.o [1]
AHRS_STK                0x20005ee8  0x4000  Data  Lc  app.o [1]
AHRS_SendData           0x080072cd   0x280  Code  Gb  Function.o [1]
AHRS_Task               0x080037bd   0x844  Code  Gb  AHRS.o [1]
AK8963_ASA              0x20012c38     0x8  Data  Lc  AHRS.o [1]
APBAHBPrescTable        0x08016258    0x10  Data  Gb  stm32f4xx_hal_rcc.o [1]
AddParameter            0x08006c89    0xb6  Code  Gb  Android.o [1]
AddStorageParameter     0x0800f529    0x8e  Code  Gb  filefunction.o [1]
AppTaskStart            0x08015805    0xd8  Code  Lc  app.o [1]
AppTaskStartStk         0x2000cee8  0x2000  Data  Lc  app.o [1]
AppTaskStartTCB         0x20011dec    0xc0  Data  Lc  app.o [1]
App_BusFault_ISR        0x08015ed5     0x2  Code  Lc  cstartup.o [1]
App_Fault_ISR           0x08015ea7    0x22  Code  Lc  cstartup.o [1]
App_MemFault_ISR        0x08015ed9     0x2  Code  Lc  cstartup.o [1]
App_NMI_ISR             0x08015ea5     0x2  Code  Lc  cstartup.o [1]
App_OS_IdleTaskHook     0x080159d1     0x2  Code  Gb  os_app_hooks.o [1]
App_OS_SetAllHooks      0x0801594d    0x50  Code  Gb  os_app_hooks.o [1]
App_OS_StatTaskHook     0x080159d5     0x2  Code  Gb  os_app_hooks.o [1]
App_OS_TaskCreateHook   0x080159b9     0x8  Code  Gb  os_app_hooks.o [1]
App_OS_TaskDelHook      0x080159c1     0x8  Code  Gb  os_app_hooks.o [1]
App_OS_TaskReturnHook   0x080159c9     0x8  Code  Gb  os_app_hooks.o [1]
App_OS_TaskSwHook       0x080159d9     0x2  Code  Gb  os_app_hooks.o [1]
App_OS_TimeTickHook     0x080159dd     0x8  Code  Gb  os_app_hooks.o [1]
App_Reset_ISR           0x08015e79    0x2c  Code  Lc  cstartup.o [1]
App_Spurious_ISR        0x08015edb     0x2  Code  Lc  cstartup.o [1]
App_UsageFault_ISR      0x08015ed7     0x2  Code  Lc  cstartup.o [1]
BL_Handler              0x20012cb8     0x4  Data  Gb  BlueToothDTU.o [1]
BSP_CPU_ClkFreq         0x0800c805     0x8  Code  Gb  bsp.o [1]
BSP_Init                0x0800c751    0xb4  Code  Gb  bsp.o [1]
BSP_IntDisAll           0x080102ad     0x8  Code  Gb  bsp_int.o [1]
BSP_IntEn               0x080102b5    0x10  Code  Gb  bsp_int.o [1]
BSP_IntHandler          0x08010639    0x34  Code  Lc  bsp_int.o [1]
BSP_IntHandlerADC       0x080103b9     0xa  Code  Gb  bsp_int.o [1]
BSP_IntHandlerCAN1_RX0  0x080103cd     0xa  Code  Gb  bsp_int.o [1]
BSP_IntHandlerCAN1_RX1  0x080103d7     0xa  Code  Gb  bsp_int.o [1]
BSP_IntHandlerCAN1_SCE  0x080103e1     0xa  Code  Gb  bsp_int.o [1]
BSP_IntHandlerCAN1_TX   0x080103c3     0xa  Code  Gb  bsp_int.o [1]
BSP_IntHandlerCAN2_RX0  0x08010585     0xa  Code  Gb  bsp_int.o [1]
BSP_IntHandlerCAN2_RX1  0x0801058f     0xa  Code  Gb  bsp_int.o [1]
BSP_IntHandlerCAN2_SCE  0x08010599     0xa  Code  Gb  bsp_int.o [1]
BSP_IntHandlerCAN2_TX   0x0801057b     0xa  Code  Gb  bsp_int.o [1]
BSP_IntHandlerCRYP      0x0801061b     0xa  Code  Gb  bsp_int.o [1]
BSP_IntHandlerDCMI      0x08010611     0xa  Code  Gb  bsp_int.o [1]
BSP_IntHandlerDMA1_CH0  0x08010373     0xa  Code  Gb  bsp_int.o [1]
BSP_IntHandlerDMA1_CH1  0x0801037d     0xa  Code  Gb  bsp_int.o [1]
BSP_IntHandlerDMA1_CH2  0x08010387     0xa  Code  Gb  bsp_int.o [1]
BSP_IntHandlerDMA1_CH3  0x08010391     0xa  Code  Gb  bsp_int.o [1]
BSP_IntHandlerDMA1_CH4  0x0801039b     0xa  Code  Gb  bsp_int.o [1]
BSP_IntHandlerDMA1_CH5  0x080103a5     0xa  Code  Gb  bsp_int.o [1]
BSP_IntHandlerDMA1_CH6  0x080103af     0xa  Code  Gb  bsp_int.o [1]
BSP_IntHandlerDMA1_STREAM7
                        0x080104db     0xa  Code  Gb  bsp_int.o [1]
BSP_IntHandlerDMA2_CH0  0x08010535     0xa  Code  Gb  bsp_int.o [1]
BSP_IntHandlerDMA2_CH1  0x0801053f     0xa  Code  Gb  bsp_int.o [1]
BSP_IntHandlerDMA2_CH2  0x08010549     0xa  Code  Gb  bsp_int.o [1]
BSP_IntHandlerDMA2_CH3  0x08010553     0xa  Code  Gb  bsp_int.o [1]
BSP_IntHandlerDMA2_CH4  0x0801055d     0xa  Code  Gb  bsp_int.o [1]
BSP_IntHandlerDMA2_CH5  0x080105ad     0xa  Code  Gb  bsp_int.o [1]
BSP_IntHandlerDMA2_CH6  0x080105b7     0xa  Code  Gb  bsp_int.o [1]
BSP_IntHandlerDMA2_CH7  0x080105c1     0xa  Code  Gb  bsp_int.o [1]
BSP_IntHandlerDummy     0x08010671     0x2  Code  Lc  bsp_int.o [1]
BSP_IntHandlerETH       0x08010567     0xa  Code  Gb  bsp_int.o [1]
BSP_IntHandlerETHWakeup
                        0x08010571     0xa  Code  Gb  bsp_int.o [1]
BSP_IntHandlerEXTI0     0x08010341     0xa  Code  Gb  bsp_int.o [1]
BSP_IntHandlerEXTI1     0x0801034b     0xa  Code  Gb  bsp_int.o [1]
BSP_IntHandlerEXTI15_10
                        0x08010495     0xa  Code  Gb  bsp_int.o [1]
BSP_IntHandlerEXTI2     0x08010355     0xa  Code  Gb  bsp_int.o [1]
BSP_IntHandlerEXTI3     0x0801035f     0xa  Code  Gb  bsp_int.o [1]
BSP_IntHandlerEXTI4     0x08010369     0xa  Code  Gb  bsp_int.o [1]
BSP_IntHandlerEXTI9_5   0x080103eb     0xa  Code  Gb  bsp_int.o [1]
BSP_IntHandlerFLASH     0x0801032d     0xa  Code  Gb  bsp_int.o [1]
BSP_IntHandlerFPU       0x0801062f     0xa  Code  Gb  bsp_int.o [1]
BSP_IntHandlerFSMC      0x080104e5     0xa  Code  Gb  bsp_int.o [1]
BSP_IntHandlerHASH_RNG  0x08010625     0xa  Code  Gb  bsp_int.o [1]
BSP_IntHandlerI2C1_ER   0x08010445     0xa  Code  Gb  bsp_int.o [1]
BSP_IntHandlerI2C1_EV   0x0801043b     0xa  Code  Gb  bsp_int.o [1]
BSP_IntHandlerI2C2_ER   0x08010459     0xa  Code  Gb  bsp_int.o [1]
BSP_IntHandlerI2C2_EV   0x0801044f     0xa  Code  Gb  bsp_int.o [1]
BSP_IntHandlerI2C3_ER   0x080105df     0xa  Code  Gb  bsp_int.o [1]
BSP_IntHandlerI2C3_EV   0x080105d5     0xa  Code  Gb  bsp_int.o [1]
BSP_IntHandlerOTG_FS    0x080105a3     0xa  Code  Gb  bsp_int.o [1]
BSP_IntHandlerOTG_FS_WKUP
                        0x080104a9     0xa  Code  Gb  bsp_int.o [1]
BSP_IntHandlerOTG_HS    0x08010607     0xa  Code  Gb  bsp_int.o [1]
BSP_IntHandlerOTG_HS_EP1_IN
                        0x080105f3     0xa  Code  Gb  bsp_int.o [1]
BSP_IntHandlerOTG_HS_EP1_OUT
                        0x080105e9     0xa  Code  Gb  bsp_int.o [1]
BSP_IntHandlerOTG_HS_WKUP
                        0x080105fd     0xa  Code  Gb  bsp_int.o [1]
BSP_IntHandlerPVD       0x0801030f     0xa  Code  Gb  bsp_int.o [1]
BSP_IntHandlerRCC       0x08010337     0xa  Code  Gb  bsp_int.o [1]
BSP_IntHandlerRTCAlarm  0x0801049f     0xa  Code  Gb  bsp_int.o [1]
BSP_IntHandlerRTC_WKUP  0x08010323     0xa  Code  Gb  bsp_int.o [1]
BSP_IntHandlerSDIO      0x080104ef     0xa  Code  Gb  bsp_int.o [1]
BSP_IntHandlerSPI1      0x08010463     0xa  Code  Gb  bsp_int.o [1]
BSP_IntHandlerSPI2      0x0801046d     0xa  Code  Gb  bsp_int.o [1]
BSP_IntHandlerSPI3      0x08010503     0xa  Code  Gb  bsp_int.o [1]
BSP_IntHandlerTAMP_STAMP
                        0x08010319     0xa  Code  Gb  bsp_int.o [1]
BSP_IntHandlerTIM1_BRK_TIM9
                        0x080103f5     0xa  Code  Gb  bsp_int.o [1]
BSP_IntHandlerTIM1_CC   0x08010413     0xa  Code  Gb  bsp_int.o [1]
BSP_IntHandlerTIM1_TRG_COM_TIM11
                        0x08010409     0xa  Code  Gb  bsp_int.o [1]
BSP_IntHandlerTIM1_UP_TIM10
                        0x080103ff     0xa  Code  Gb  bsp_int.o [1]
BSP_IntHandlerTIM2      0x0801041d     0xa  Code  Gb  bsp_int.o [1]
BSP_IntHandlerTIM3      0x08010427     0xa  Code  Gb  bsp_int.o [1]
BSP_IntHandlerTIM4      0x08010431     0xa  Code  Gb  bsp_int.o [1]
BSP_IntHandlerTIM5      0x080104f9     0xa  Code  Gb  bsp_int.o [1]
BSP_IntHandlerTIM6_DAC  0x08010521     0xa  Code  Gb  bsp_int.o [1]
BSP_IntHandlerTIM7      0x0801052b     0xa  Code  Gb  bsp_int.o [1]
BSP_IntHandlerTIM8_BRK_TIM12
                        0x080104b3     0xa  Code  Gb  bsp_int.o [1]
BSP_IntHandlerTIM8_CC   0x080104d1     0xa  Code  Gb  bsp_int.o [1]
BSP_IntHandlerTIM8_TRG_COM_TIM14
                        0x080104c7     0xa  Code  Gb  bsp_int.o [1]
BSP_IntHandlerTIM8_UP_TIM13
                        0x080104bd     0xa  Code  Gb  bsp_int.o [1]
BSP_IntHandlerUSART1    0x08010477     0xa  Code  Gb  bsp_int.o [1]
BSP_IntHandlerUSART2    0x08010481     0xa  Code  Gb  bsp_int.o [1]
BSP_IntHandlerUSART3    0x0801048b     0xa  Code  Gb  bsp_int.o [1]
BSP_IntHandlerUSART4    0x0801050d     0xa  Code  Gb  bsp_int.o [1]
BSP_IntHandlerUSART5    0x08010517     0xa  Code  Gb  bsp_int.o [1]
BSP_IntHandlerUSART6    0x080105cb     0xa  Code  Gb  bsp_int.o [1]
BSP_IntHandlerWWDG      0x08010305     0xa  Code  Gb  bsp_int.o [1]
BSP_IntInit             0x080102ed    0x18  Code  Gb  bsp_int.o [1]
BSP_IntVectSet          0x080102c5    0x28  Code  Gb  bsp_int.o [1]
BSP_IntVectTbl          0x20011bb8   0x148  Data  Lc  bsp_int.o [1]
BSP_SD_GetCardInfo      0x08015c55     0xc  Code  Gb  bsp_driver_sd.o [1]
BSP_SD_GetStatus        0x08015c4b     0xa  Code  Gb  bsp_driver_sd.o [1]
BSP_SD_Init             0x08015bd5    0x36  Code  Gb  bsp_driver_sd.o [1]
BSP_SD_IsDetected       0x08015c61    0x20  Code  Gb  bsp_driver_sd.o [1]
BSP_SD_ReadBlocks       0x08015c0b    0x20  Code  Gb  bsp_driver_sd.o [1]
BSP_SD_WriteBlocks      0x08015c2b    0x20  Code  Gb  bsp_driver_sd.o [1]
BSP_Tick_Init           0x0800c825    0x14  Code  Gb  bsp.o [1]
BlSimpleDelay           0x0801072d    0x10  Code  Lc  BlueToothDTU.o [1]
Bl_EnterAT              0x0801079b    0xdc  Code  Gb  BlueToothDTU.o [1]
Bl_Hander_Bind          0x0801073d     0x6  Code  Gb  BlueToothDTU.o [1]
Bl_Init                 0x08010743    0x58  Code  Gb  BlueToothDTU.o [1]
Bl_ParameterInit        0x08010877    0x94  Code  Gb  BlueToothDTU.o [1]
Buffercmp               0x08007299    0x26  Code  Gb  Function.o [1]
Byte2Float              0x08007581    0x20  Code  Gb  Function.o [1]
Byte2Int                0x080075a1    0x20  Code  Gb  Function.o [1]
Byte2Short              0x080075f1    0x10  Code  Gb  Function.o [1]
CPU_CntLeadZeros        0x0801070b          Code  Gb  cpu_a.o [1]
CPU_CntTrailZeros       0x08010711          Code  Gb  cpu_a.o [1]
CPU_Init                0x08007fb9    0x10  Code  Gb  cpu_core.o [1]
CPU_IntDis              0x080106ed          Code  Gb  cpu_a.o [1]
CPU_IntDisMeasCtr       0x20012d98     0x2  Data  Gb  cpu_core.o [1]
CPU_IntDisMeasInit      0x0800810b    0x72  Code  Lc  cpu_core.o [1]
CPU_IntDisMeasMaxCalc   0x0800817d    0x14  Code  Lc  cpu_core.o [1]
CPU_IntDisMeasMaxCurGet
                        0x0800805d    0x18  Code  Gb  cpu_core.o [1]
CPU_IntDisMeasMaxCurReset
                        0x08008043    0x1a  Code  Gb  cpu_core.o [1]
CPU_IntDisMeasMaxCur_cnts
                        0x20012cd0     0x4  Data  Gb  cpu_core.o [1]
CPU_IntDisMeasMaxGet    0x08008075    0x18  Code  Gb  cpu_core.o [1]
CPU_IntDisMeasMax_cnts  0x20012cd4     0x4  Data  Gb  cpu_core.o [1]
CPU_IntDisMeasOvrhd_cnts
                        0x20012ccc     0x4  Data  Gb  cpu_core.o [1]
CPU_IntDisMeasStart     0x0800808d    0x28  Code  Gb  cpu_core.o [1]
CPU_IntDisMeasStart_cnts
                        0x20012cc4     0x4  Data  Gb  cpu_core.o [1]
CPU_IntDisMeasStop      0x080080b5    0x40  Code  Gb  cpu_core.o [1]
CPU_IntDisMeasStop_cnts
                        0x20012cc8     0x4  Data  Gb  cpu_core.o [1]
CPU_IntDisNestCtr       0x20012d9a     0x2  Data  Gb  cpu_core.o [1]
CPU_IntEn               0x080106f1          Code  Gb  cpu_a.o [1]
CPU_IntSrcEn            0x0801141d   0x122  Code  Gb  cpu_c.o [1]
CPU_Name                0x20012bd4    0x10  Data  Gb  cpu_core.o [1]
CPU_NameClr             0x08007fcb    0x22  Code  Gb  cpu_core.o [1]
CPU_NameInit            0x080080f5     0x8  Code  Lc  cpu_core.o [1]
CPU_NameSet             0x08007fed    0x50  Code  Gb  cpu_core.o [1]
CPU_RevBits             0x0801071b          Code  Gb  cpu_a.o [1]
CPU_SR_Restore          0x080106fd          Code  Gb  cpu_a.o [1]
CPU_SR_Save             0x080106f5          Code  Gb  cpu_a.o [1]
CPU_SW_Exception        0x08007fc9     0x2  Code  Gb  cpu_core.o [1]
CPU_TS_Init             0x080080fd     0xe  Code  Lc  cpu_core.o [1]
CPU_TS_TmrFreqSet       0x0800803d     0x6  Code  Gb  cpu_core.o [1]
CPU_TS_TmrFreq_Hz       0x20012cc0     0x4  Data  Gb  cpu_core.o [1]
CPU_TS_TmrInit          0x08008cd5    0x2a  Code  Gb  cpu_bsp.o [1]
CPU_TS_TmrRd            0x08008cff     0x6  Code  Gb  cpu_bsp.o [1]
CPU_WaitForExcept       0x08010707          Code  Gb  cpu_a.o [1]
CPU_WaitForInt          0x08010703          Code  Gb  cpu_a.o [1]
CSTACK$$Base            0x20000128           --   Gb  - Linker created -
CSTACK$$Limit           0x20003fa8           --   Gb  - Linker created -
ControlTask             0x08009411   0x80e  Code  Gb  Control.o [1]
ControlTask_STK         0x2000eee8  0x1000  Data  Lc  app.o [1]
ControlTask_TCB         0x2001202c    0xc0  Data  Lc  app.o [1]
CreatFrame              0x08006e6d    0x2e  Code  Lc  Android.o [1]
DMA1_Stream1_IRQHandler
                        0x08015c8d     0xa  Code  Gb  stm32f4xx_it.o [1]
DMA1_Stream3_IRQHandler
                        0x08015c97     0xa  Code  Gb  stm32f4xx_it.o [1]
DMA2_Stream0_IRQHandler
                        0x08015cb5     0xa  Code  Gb  stm32f4xx_it.o [1]
DMA2_Stream3_IRQHandler
                        0x08015cbf     0xa  Code  Gb  stm32f4xx_it.o [1]
DMA2_Stream5_IRQHandler
                        0x08015cc9     0xa  Code  Gb  stm32f4xx_it.o [1]
DMA2_Stream6_IRQHandler
                        0x08015cd3     0xa  Code  Gb  stm32f4xx_it.o [1]
DMA_CalcBaseAndBitshift
                        0x08007f1d    0x2e  Code  Lc  stm32f4xx_hal_dma.o [1]
DMA_SetConfig           0x08007eef    0x2e  Code  Lc  stm32f4xx_hal_dma.o [1]
Degree                  0x08005eb5    0x24  Code  Gb  Algorithm_math.o [1]
ExCvt                   0x08015d28    0x80  Data  Lc  ff.o [1]
FATFS_LinkDriver        0x08002b39     0xa  Code  Gb  ff_gen_drv.o [1]
FATFS_LinkDriverEx      0x08002ae5    0x54  Code  Gb  ff_gen_drv.o [1]
FatFs                   0x20012cdc     0x4  Data  Lc  ff.o [1]
Files                   0x20012b80    0x18  Data  Lc  ff.o [1]
Float2Byte              0x0800755d    0x24  Code  Gb  Function.o [1]
Fsid                    0x20012d9c     0x2  Data  Lc  ff.o [1]
GenerateCheckSum        0x08006e9b    0x2a  Code  Lc  Android.o [1]
GyrX                    0x20012c74     0x4  Data  Gb  AHRS.o [1]
GyrY                    0x20012c78     0x4  Data  Gb  AHRS.o [1]
GyrZ                    0x20012c7c     0x4  Data  Gb  AHRS.o [1]
HAL_DMA_Abort           0x08007cc1    0x54  Code  Gb  stm32f4xx_hal_dma.o [1]
HAL_DMA_IRQHandler      0x08007d15   0x1da  Code  Gb  stm32f4xx_hal_dma.o [1]
HAL_DMA_Init            0x08007be9    0x82  Code  Gb  stm32f4xx_hal_dma.o [1]
HAL_DMA_Start_IT        0x08007c6b    0x56  Code  Gb  stm32f4xx_hal_dma.o [1]
HAL_GPIO_Init           0x080040c5   0x1e4  Code  Gb  stm32f4xx_hal_gpio.o [1]
HAL_GPIO_ReadPin        0x080042a9    0x12  Code  Gb  stm32f4xx_hal_gpio.o [1]
HAL_GPIO_TogglePin      0x080042cf     0xa  Code  Gb  stm32f4xx_hal_gpio.o [1]
HAL_GPIO_WritePin       0x080042bb    0x14  Code  Gb  stm32f4xx_hal_gpio.o [1]
HAL_GetTick             0x08007fa5     0xa  Code  Wk  stm32f4xx_hal.o [1]
HAL_IncTick             0x08007f99     0xc  Code  Wk  stm32f4xx_hal.o [1]
HAL_Init                0x08007f5d    0x3a  Code  Gb  stm32f4xx_hal.o [1]
HAL_InitTick            0x0800c80d    0x18  Code  Gb  bsp.o [1]
HAL_MspInit             0x08007f97     0x2  Code  Wk  stm32f4xx_hal.o [1]
HAL_NVIC_EnableIRQ      0x0800c6ff     0xa  Code  Gb  stm32f4xx_hal_cortex.o [1]
HAL_NVIC_SetPriority    0x0800c6dd    0x22  Code  Gb  stm32f4xx_hal_cortex.o [1]
HAL_NVIC_SetPriorityGrouping
                        0x0800c6d5     0x8  Code  Gb  stm32f4xx_hal_cortex.o [1]
HAL_RCC_ClockConfig     0x0800fee5   0x284  Code  Gb  stm32f4xx_hal_rcc.o [1]
HAL_RCC_DeInit          0x08010675    0x5a  Code  Gb  stm32f4xx_hal_rcc_ex.o [1]
HAL_RCC_EnableCSS       0x08010169     0x8  Code  Gb  stm32f4xx_hal_rcc.o [1]
HAL_RCC_GetHCLKFreq     0x080101fd    0x28  Code  Gb  stm32f4xx_hal_rcc.o [1]
HAL_RCC_GetPCLK1Freq    0x08010225    0x20  Code  Gb  stm32f4xx_hal_rcc.o [1]
HAL_RCC_GetPCLK2Freq    0x08010245    0x20  Code  Gb  stm32f4xx_hal_rcc.o [1]
HAL_RCC_GetSysClockFreq
                        0x08010171    0x8c  Code  Wk  stm32f4xx_hal_rcc.o [1]
HAL_RCC_OscConfig       0x0800fb59   0x38c  Code  Wk  stm32f4xx_hal_rcc.o [1]
HAL_SD_GetStatus        0x080140a1    0x22  Code  Gb  stm32f4xx_hal_sd.o [1]
HAL_SD_Get_CardInfo     0x08013ccb   0x316  Code  Gb  stm32f4xx_hal_sd.o [1]
HAL_SD_IRQHandler       0x08013c11    0xb6  Code  Gb  stm32f4xx_hal_sd.o [1]
HAL_SD_Init             0x080136e5    0xb6  Code  Gb  stm32f4xx_hal_sd.o [1]
HAL_SD_MspInit          0x0800789b   0x170  Code  Gb  stm32f4xx_hal_msp.o [1]
HAL_SD_ReadBlocks       0x0801379b   0x204  Code  Gb  stm32f4xx_hal_sd.o [1]
HAL_SD_StopTransfer     0x0801406d    0x34  Code  Gb  stm32f4xx_hal_sd.o [1]
HAL_SD_WideBusOperation_Config
                        0x08013fe1    0x8c  Code  Gb  stm32f4xx_hal_sd.o [1]
HAL_SD_WriteBlocks      0x0801399f   0x272  Code  Gb  stm32f4xx_hal_sd.o [1]
HAL_SD_XferCpltCallback
                        0x08013cc7     0x2  Code  Wk  stm32f4xx_hal_sd.o [1]
HAL_SD_XferErrorCallback
                        0x08013cc9     0x2  Code  Wk  stm32f4xx_hal_sd.o [1]
HAL_SPI_DMAStop         0x08004d17    0x3e  Code  Gb  stm32f4xx_hal_spi.o [1]
HAL_SPI_ErrorCallback   0x08004d5b     0x2  Code  Wk  stm32f4xx_hal_spi.o [1]
HAL_SPI_Init            0x08004315    0x8c  Code  Gb  stm32f4xx_hal_spi.o [1]
HAL_SPI_MspInit         0x08007601   0x126  Code  Gb  stm32f4xx_hal_msp.o [1]
HAL_SPI_Receive         0x08004565   0x22e  Code  Gb  stm32f4xx_hal_spi.o [1]
HAL_SPI_Receive_DMA     0x08004ae5    0xf8  Code  Gb  stm32f4xx_hal_spi.o [1]
HAL_SPI_RxCpltCallback  0x08002ec9    0x38  Code  Gb  AHRS.o [1]
HAL_SPI_RxHalfCpltCallback
                        0x08004d57     0x2  Code  Wk  stm32f4xx_hal_spi.o [1]
HAL_SPI_Transmit        0x080043a1   0x1c4  Code  Gb  stm32f4xx_hal_spi.o [1]
HAL_SPI_TransmitReceive
                        0x08004793   0x352  Code  Gb  stm32f4xx_hal_spi.o [1]
HAL_SPI_TransmitReceive_DMA
                        0x08004bdd   0x13a  Code  Gb  stm32f4xx_hal_spi.o [1]
HAL_SPI_TxRxCpltCallback
                        0x08004d55     0x2  Code  Wk  stm32f4xx_hal_spi.o [1]
HAL_SPI_TxRxHalfCpltCallback
                        0x08004d59     0x2  Code  Wk  stm32f4xx_hal_spi.o [1]
HAL_SYSTICK_CLKSourceConfig
                        0x0800c711    0x20  Code  Gb  stm32f4xx_hal_cortex.o [1]
HAL_SYSTICK_Config      0x0800c709     0x8  Code  Gb  stm32f4xx_hal_cortex.o [1]
HAL_TIMEx_BreakCallback
                        0x0800a755     0x2  Code  Wk  stm32f4xx_hal_tim_ex.o [1]
HAL_TIMEx_CommutationCallback
                        0x0800a753     0x2  Code  Wk  stm32f4xx_hal_tim_ex.o [1]
HAL_TIMEx_ConfigBreakDeadTime
                        0x0800a70d    0x46  Code  Gb  stm32f4xx_hal_tim_ex.o [1]
HAL_TIMEx_MasterConfigSynchronization
                        0x0800a6b5    0x58  Code  Gb  stm32f4xx_hal_tim_ex.o [1]
HAL_TIM_Base_Init       0x08006355    0x38  Code  Gb  stm32f4xx_hal_tim.o [1]
HAL_TIM_Base_MspInit    0x08007727    0x3c  Code  Gb  stm32f4xx_hal_msp.o [1]
HAL_TIM_Base_Start_IT   0x0800638d    0x1c  Code  Gb  stm32f4xx_hal_tim.o [1]
HAL_TIM_IC_CaptureCallback
                        0x0800a2a3   0x3d0  Code  Gb  Control.o [1]
HAL_TIM_IC_ConfigChannel
                        0x08006647    0xd4  Code  Gb  stm32f4xx_hal_tim.o [1]
HAL_TIM_IC_Init         0x08006429    0x38  Code  Gb  stm32f4xx_hal_tim.o [1]
HAL_TIM_IC_MspInit      0x08007a0b    0xf2  Code  Gb  stm32f4xx_hal_msp.o [1]
HAL_TIM_IC_Start_IT     0x08006461    0x68  Code  Gb  stm32f4xx_hal_tim.o [1]
HAL_TIM_IRQHandler      0x080064d1   0x176  Code  Gb  stm32f4xx_hal_tim.o [1]
HAL_TIM_OC_DelayElapsedCallback
                        0x0800685f     0x2  Code  Wk  stm32f4xx_hal_tim.o [1]
HAL_TIM_PWM_ConfigChannel
                        0x0800671b    0xfc  Code  Gb  stm32f4xx_hal_tim.o [1]
HAL_TIM_PWM_Init        0x080063a9    0x38  Code  Gb  stm32f4xx_hal_tim.o [1]
HAL_TIM_PWM_MspInit     0x08007afd    0x84  Code  Gb  stm32f4xx_hal_msp.o [1]
HAL_TIM_PWM_PulseFinishedCallback
                        0x08006861     0x2  Code  Wk  stm32f4xx_hal_tim.o [1]
HAL_TIM_PWM_Start       0x080063e1    0x48  Code  Gb  stm32f4xx_hal_tim.o [1]
HAL_TIM_PeriodElapsedCallback
                        0x08002e03    0xc6  Code  Gb  AHRS.o [1]
HAL_TIM_ReadCapturedValue
                        0x08006817    0x48  Code  Gb  stm32f4xx_hal_tim.o [1]
HAL_TIM_TriggerCallback
                        0x08006863     0x2  Code  Wk  stm32f4xx_hal_tim.o [1]
HAL_UART_ErrorCallback  0x0800c111     0x2  Code  Wk  stm32f4xx_hal_uart.o [1]
HAL_UART_IRQHandler     0x0800bfd1   0x13c  Code  Gb  stm32f4xx_hal_uart.o [1]
HAL_UART_Init           0x0800bc49    0x70  Code  Gb  stm32f4xx_hal_uart.o [1]
HAL_UART_MspInit        0x08007763   0x138  Code  Gb  stm32f4xx_hal_msp.o [1]
HAL_UART_Receive        0x0800bda3    0xf4  Code  Gb  stm32f4xx_hal_uart.o [1]
HAL_UART_Receive_DMA    0x0800bf39    0x98  Code  Gb  stm32f4xx_hal_uart.o [1]
HAL_UART_RxCpltCallback
                        0x08007019   0x12e  Code  Gb  Android.o [1]
HAL_UART_RxHalfCpltCallback
                        0x0800c10f     0x2  Code  Wk  stm32f4xx_hal_uart.o [1]
HAL_UART_Transmit       0x0800bcb9    0xea  Code  Gb  stm32f4xx_hal_uart.o [1]
HAL_UART_Transmit_DMA   0x0800be97    0xa2  Code  Gb  stm32f4xx_hal_uart.o [1]
HAL_UART_TxCpltCallback
                        0x08007147    0x2e  Code  Gb  Android.o [1]
HAL_UART_TxHalfCpltCallback
                        0x0800c10d     0x2  Code  Wk  stm32f4xx_hal_uart.o [1]
HEAP$$Base              0x20003fa8           --   Gb  - Linker created -
HEAP$$Limit             0x20005ee8           --   Gb  - Linker created -
InitUser                0x0800f449    0x58  Code  Gb  Init.o [1]
Int2Byte                0x080075c1    0x24  Code  Gb  Function.o [1]
InterruptInit           0x0800f37f    0xca  Code  Gb  Init.o [1]
IsAllowChangeParameter  0x08006c75    0x14  Code  Gb  Android.o [1]
KiDef                   0x20000004     0x4  Data  Gb  AHRS.o [1]
KpDef                   0x20000000     0x4  Data  Gb  AHRS.o [1]
LEDAndFileTask          0x0800f9c9    0xf8  Code  Gb  filefunction.o [1]
LEDAndFile_TCB          0x20011eac    0xc0  Data  Lc  app.o [1]
LED_STK                 0x20009ee8  0x3000  Data  Lc  app.o [1]
LPF_1st                 0x08005e19    0x22  Code  Gb  Algorithm_filter.o [1]
LfnOfs                  0x08016218    0x10  Data  Lc  ff.o [1]
LoadDataFromFile        0x0800f9a9    0x20  Code  Gb  filefunction.o [1]
LoadInt                 0x08011de5    0x6e  Code  Lc  xprintffull.o [3]
LoadOffsetFromFile      0x0800f687   0x1c2  Code  Gb  filefunction.o [1]
LoadParameterFromFile   0x0800f5b7    0x5e  Code  Gb  filefunction.o [1]
MPU9250_Check           0x08002d0f    0xf4  Code  Gb  AHRS.o [1]
MPU9250_Handler         0x20012c68     0x4  Data  Gb  AHRS.o [1]
MPU9250_Init            0x08002ccd    0x42  Code  Gb  AHRS.o [1]
MPU9250_Mag_ReadReg     0x08002c49    0x5a  Code  Gb  AHRS.o [1]
MPU9250_Mag_ReadRegs    0x08002ca3    0x28  Code  Gb  AHRS.o [1]
MPU9250_Mag_WriteReg    0x08002bed    0x5c  Code  Gb  AHRS.o [1]
MPU9250_ReadReg         0x08002b5b    0x54  Code  Gb  AHRS.o [1]
MPU9250_WriteReg        0x08002baf    0x3e  Code  Gb  AHRS.o [1]
MS5611_BaroAltCalculate
                        0x080051f1   0x176  Code  Gb  ms5611.o [1]
MS5611_C1               0x20012da0     0x2  Data  Gb  ms5611.o [1]
MS5611_C2               0x20012da2     0x2  Data  Gb  ms5611.o [1]
MS5611_C3               0x20012da4     0x2  Data  Gb  ms5611.o [1]
MS5611_C4               0x20012da6     0x2  Data  Gb  ms5611.o [1]
MS5611_C5               0x20012da8     0x2  Data  Gb  ms5611.o [1]
MS5611_C6               0x20012daa     0x2  Data  Gb  ms5611.o [1]
MS5611_Handler          0x20012cec     0x4  Data  Gb  ms5611.o [1]
MS5611_Init             0x08005435    0x18  Code  Gb  ms5611.o [1]
MS5611_Read             0x0800519d    0x52  Code  Gb  ms5611.o [1]
MS5611_ReadPROM         0x080053a7    0x58  Code  Gb  ms5611.o [1]
MS5611_ReadWord         0x080050d3    0x72  Code  Gb  ms5611.o [1]
MS5611_Reset            0x080053ff    0x36  Code  Gb  ms5611.o [1]
MS5611_Start_P          0x08005145    0x2c  Code  Gb  ms5611.o [1]
MS5611_Start_T          0x08005171    0x2c  Code  Gb  ms5611.o [1]
MS5611_Update           0x08005367    0x40  Code  Gb  ms5611.o [1]
MX_DMA_Init             0x0800ef49    0xa0  Code  Gb  Init.o [1]
MX_FATFS_Init           0x08002ac5    0x10  Code  Gb  fatfs.o [1]
MX_GPIO_Init            0x0800efe9   0x116  Code  Gb  Init.o [1]
MX_SDIO_SD_Init         0x0800f0ff    0x3c  Code  Gb  Init.o [1]
MX_SPI1_Init            0x0800ee45    0x72  Code  Gb  Init.o [1]
MX_TIM1_Init            0x0800f279    0xb0  Code  Gb  Init.o [1]
MX_TIM2_Init            0x0800f13b    0x66  Code  Gb  Init.o [1]
MX_TIM3_Init            0x0800f1a1    0x62  Code  Gb  Init.o [1]
MX_TIM4_Init            0x0800f203    0x76  Code  Gb  Init.o [1]
MX_TIM5_Init            0x0800f329    0x56  Code  Gb  Init.o [1]
MX_TIM6_Init            0x0800eeb7    0x42  Code  Gb  Init.o [1]
MX_USART3_UART_Init     0x0800eef9    0x50  Code  Gb  Init.o [1]
Mag_Calibration         0x080030a5   0x228  Code  Gb  AHRS.o [1]
Math_Init               0x08015921     0xa  Code  Gb  lib_math.o [1]
Math_RandSeedCur        0x20012ce4     0x4  Data  Gb  lib_math.o [1]
Math_RandSetSeed        0x0801592b    0x1e  Code  Gb  lib_math.o [1]
Mem_Clr                 0x08005c95     0xc  Code  Gb  lib_mem.o [1]
Mem_Cmp                 0x08005cf3    0xb6  Code  Gb  lib_mem.o [1]
Mem_Heap                0x20010528   0x400  Data  Gb  lib_mem.o [1]
Mem_Init                0x08005c5d    0x38  Code  Gb  lib_mem.o [1]
Mem_SegCreate           0x08005da9    0x3e  Code  Gb  lib_mem.o [1]
Mem_SegCreateCritical   0x08005de7    0x20  Code  Lc  lib_mem.o [1]
Mem_SegHeadPtr          0x20012ce8     0x4  Data  Gb  lib_mem.o [1]
Mem_SegHeap             0x20012bb0    0x14  Data  Gb  lib_mem.o [1]
Mem_Set                 0x08005ca1    0x52  Code  Gb  lib_mem.o [1]
NVIC_EnableIRQ          0x0800c633    0x14  Code  Lc  stm32f4xx_hal_cortex.o [1]
NVIC_EncodePriority     0x0800c669    0x3e  Code  Lc  stm32f4xx_hal_cortex.o [1]
NVIC_GetPriorityGrouping
                        0x0800c629     0xa  Code  Lc  stm32f4xx_hal_cortex.o [1]
NVIC_SetPriority        0x0800c647    0x22  Code  Lc  stm32f4xx_hal_cortex.o [1]
NVIC_SetPriorityGrouping
                        0x0800c60d    0x1c  Code  Lc  stm32f4xx_hal_cortex.o [1]
NumQ                    0x20000008    0x10  Data  Lc  AHRS.o [1]
OSCfg_DataSizeRAM       0x080164f0     0x4  Data  Gb  os_cfg_app.o [1]
OSCfg_ISRStk            0x20011718   0x190  Data  Gb  os_cfg_app.o [1]
OSCfg_ISRStkBasePtr     0x0801649c     0x4  Data  Gb  os_cfg_app.o [1]
OSCfg_ISRStkSize        0x080164a0     0x4  Data  Gb  os_cfg_app.o [1]
OSCfg_ISRStkSizeRAM     0x080164a4     0x4  Data  Gb  os_cfg_app.o [1]
OSCfg_IdleTaskStk       0x20010f40   0x200  Data  Gb  os_cfg_app.o [1]
OSCfg_IdleTaskStkBasePtr
                        0x0801648c     0x4  Data  Gb  os_cfg_app.o [1]
OSCfg_IdleTaskStkLimit  0x08016490     0x4  Data  Gb  os_cfg_app.o [1]
[...]
SD_status               0x08015b07    0x22  Code  Gb  sd_diskio.o [1]
SD_write                0x08015b4f    0x26  Code  Gb  sd_diskio.o [1]
SPI_DMAEndTransmitReceive
                        0x08004e35    0xac  Code  Lc  stm32f4xx_hal_spi.o [1]
SPI_DMAError            0x08004f31    0x20  Code  Lc  stm32f4xx_hal_spi.o [1]
SPI_DMAHalfReceiveCplt  0x08004f19     0xa  Code  Lc  stm32f4xx_hal_spi.o [1]
SPI_DMAHalfTransmitReceiveCplt
                        0x08004f25     0xa  Code  Lc  stm32f4xx_hal_spi.o [1]
SPI_DMAReceiveCplt      0x08004d5d    0xd8  Code  Lc  stm32f4xx_hal_spi.o [1]
SPI_DMATransmitReceiveCplt
                        0x08004ee1    0x36  Code  Lc  stm32f4xx_hal_spi.o [1]
SPI_WaitOnFlagUntilTimeout
                        0x08004f51    0xf0  Code  Lc  stm32f4xx_hal_spi.o [1]
SendGyroCalData         0x08006f6d    0x48  Code  Gb  Android.o [1]
SendMagCalData          0x08006fb5    0x64  Code  Gb  Android.o [1]
SendOffset              0x08006ec5    0xa8  Code  Gb  Android.o [1]
SendParameter           0x08006d41   0x12c  Code  Gb  Android.o [1]
SensorStatue            0x20012534    0x58  Data  Gb  AHRS.o [1]
Short2Byte              0x080075e5     0xc  Code  Gb  Function.o [1]
Stat                    0x20000124     0x1  Data  Lc  sd_diskio.o [1]
Str_Char_N              0x0800ca8f    0x50  Code  Gb  lib_str.o [1]
Str_Copy_N              0x0800ca43    0x4c  Code  Gb  lib_str.o [1]
Str_Len_N               0x0800ca29    0x1a  Code  Gb  lib_str.o [1]
SysTick_Config          0x0800c6a7    0x2e  Code  Lc  stm32f4xx_hal_cortex.o [1]
SystemCoreClock         0x2000001c     0x4  Data  Gb  system_stm32f4xx.o [1]
SystemInit              0x08015da9    0x4c  Code  Gb  system_stm32f4xx.o [1]
TIM2_IRQHandler         0x08015cdd     0xa  Code  Gb  stm32f4xx_it.o [1]
TIM3_IRQHandler         0x08015ce7     0xa  Code  Gb  stm32f4xx_it.o [1]
TIM4_IRQHandler         0x08015cf1     0xa  Code  Gb  stm32f4xx_it.o [1]
TIM6_DAC_IRQHandler     0x08015ca1     0xa  Code  Gb  stm32f4xx_it.o [1]
TIM_Base_SetConfig      0x08006865    0xe4  Code  Gb  stm32f4xx_hal_tim.o [1]
TIM_CCxChannelCmd       0x08006a3b    0x1e  Code  Gb  stm32f4xx_hal_tim.o [1]
TIM_OC1_SetConfig       0x08006a5b    0x6c  Code  Lc  stm32f4xx_hal_tim.o [1]
TIM_OC2_SetConfig       0x080069c5    0x76  Code  Gb  stm32f4xx_hal_tim.o [1]
TIM_OC3_SetConfig       0x08006ac7    0x74  Code  Lc  stm32f4xx_hal_tim.o [1]
TIM_OC4_SetConfig       0x08006b3b    0x5e  Code  Lc  stm32f4xx_hal_tim.o [1]
TIM_TI1_SetConfig       0x08006949    0x7c  Code  Gb  stm32f4xx_hal_tim.o [1]
TIM_TI2_SetConfig       0x08006bc9    0x3a  Code  Lc  stm32f4xx_hal_tim.o [1]
TIM_TI3_SetConfig       0x08006c03    0x38  Code  Lc  stm32f4xx_hal_tim.o [1]
TIM_TI4_SetConfig       0x08006c3b    0x3a  Code  Lc  stm32f4xx_hal_tim.o [1]
Tbl                     0x080159e4   0x100  Data  Lc  unicode.o [1]
UART_DMAError           0x0800c19d    0x20  Code  Lc  stm32f4xx_hal_uart.o [1]
UART_DMAReceiveCplt     0x0800c155    0x3a  Code  Lc  stm32f4xx_hal_uart.o [1]
UART_DMARxHalfCplt      0x0800c191     0xa  Code  Lc  stm32f4xx_hal_uart.o [1]
UART_DMATransmitCplt    0x0800c115    0x32  Code  Lc  stm32f4xx_hal_uart.o [1]
UART_DMATxHalfCplt      0x0800c149     0xa  Code  Lc  stm32f4xx_hal_uart.o [1]
UART_EndTransmit_IT     0x0800c30d    0x44  Code  Lc  stm32f4xx_hal_uart.o [1]
UART_Receive_IT         0x0800c351    0xbc  Code  Lc  stm32f4xx_hal_uart.o [1]
UART_SetConfig          0x0800c40d   0x1f2  Code  Lc  stm32f4xx_hal_uart.o [1]
UART_Transmit_IT        0x0800c29d    0x70  Code  Lc  stm32f4xx_hal_uart.o [1]
UART_WaitOnFlagUntilTimeout
                        0x0800c1bd    0xe0  Code  Lc  stm32f4xx_hal_uart.o [1]
USART3_IRQHandler       0x08007175    0xe4  Code  Gb  Android.o [1]
UpdatePID               0x08009c2d   0x318  Code  Gb  Control.o [1]
UpdatePWM               0x08009f4d    0xbe  Code  Gb  Control.o [1]
UpdateTarget            0x0800a05d   0x122  Code  Gb  Control.o [1]
WriteOffsetToFile       0x0800f84d   0x156  Code  Gb  filefunction.o [1]
WriteParameterToFile    0x0800f615    0x72  Code  Gb  filefunction.o [1]
_EncodingSb_Mbtowc      0x08013673    0x30  Code  Gb  xencoding_sb.o [3]
_EncodingSb_Wctomb      0x08013659    0x1a  Code  Gb  xencoding_sb.o [3]
_GenldFull              0x0801266f   0x24c  Code  Lc  xprintffull.o [3]
_IsdstStr               0x20000024     0x4  Data  Gb  setlocale.o [3]
_LdtobFull              0x0801226d   0x3fc  Code  Lc  xprintffull.o [3]
_LitobFull              0x08012165   0x106  Code  Lc  xprintffull.o [3]
_LocaleC_isalpha        0x080136bb    0x16  Code  Gb  xlocale_c.o [3]
_LocaleC_isspace        0x080136d1    0x14  Code  Gb  xlocale_c.o [3]
_LocaleC_tolower        0x08012ac1     0xc  Code  Gb  xlocale_c.o [3]
_LocaleEncoding         0x08012aaf     0xe  Code  Gb  setlocale.o [3]
_LocaleForCat           0x08012a9d    0x12  Code  Gb  setlocale.o [3]
_LocaleReturnString     0x20000044    0x50  Data  Lc  setlocale.o [3]
_Locale_Profile         0x20000028    0x1c  Data  Gb  setlocale.o [3]
_Locale_aeabi_lconv     0x200000e8    0x38  Data  Gb  localeconv.o [3]
_Locale_lconv           0x20000098    0x50  Data  Gb  localeconv.o [3]
_Mbtowc                 0x0801331d    0x20  Code  Gb  xmbtowc.o [3]
_PrintfFull             0x080117b1   0x61e  Code  Gb  xprintffull.o [3]
_PutcharsFull           0x080128bb    0x2e  Code  Lc  xprintffull.o [3]
_PutstrFull             0x08011e53   0x30c  Code  Lc  xprintffull.o [3]
_SProut                 0x080050b7     0xa  Code  Gb  xsprout.o [3]
_Stoflt                 0x08012c09   0x1b8  Code  Gb  xstoflt.o [3]
_Stopfx                 0x08012ae5   0x124  Code  Gb  xstopfx.o [3]
_Stoxflt                0x08012ff1   0x1e2  Code  Gb  xstoxflt.o [3]
_TzoneStr               0x20000020     0x4  Data  Gb  setlocale.o [3]
_Wctomb                 0x0801339f    0x1a  Code  Gb  xwctomb.o [3]
__aeabi_cdcmpeq         0x080135e5          Code  Gb  DblCmpEq.o [5]
__aeabi_cdcmple         0x080091f1          Code  Gb  DblCmpLe.o [5]
__aeabi_cdrcmple        0x0800ee15          Code  Gb  DblCmpGe.o [5]
__aeabi_d2f             0x08005bcd          Code  Gb  DblToFlt.o [5]
__aeabi_d2iz            0x080134e9          Code  Gb  DblToI32.o [5]
__aeabi_d2uiz           0x08013515          Code  Gb  DblToI32.o [5]
__aeabi_dadd            0x08005ae5          Code  Gb  DblAdd.o [5]
__aeabi_ddiv            0x08008e91          Code  Gb  DblDiv.o [5]
__aeabi_dmul            0x08005941          Code  Gb  DblMul.o [5]
__aeabi_dsub            0x08008d11          Code  Gb  DblSub.o [5]
__aeabi_errno_addr      0x08010721     0x6  Code  Gb  errno.o [3]
__aeabi_f2d             0x080058f1          Code  Gb  FltToDbl.o [5]
__aeabi_i2d             0x08012dc1          Code  Gb  I32ToDbl.o [5]
__aeabi_ldiv0           0x080136b9          Code  Gb  I64DivZer.o [6]
__aeabi_ui2d            0x08012dd5          Code  Gb  I32ToDbl.o [5]
__aeabi_uldivmod        0x080133b9          Code  Gb  I64DivMod.o [6]
__cmain                 0x08015f0d          Code  Gb  cmain.o [6]
__data_GetMemChunk      0x0800fb2d    0x2c  Code  Gb  xgetmemchunk.o [3]
__exit                  0x08011409    0x14  Code  Gb  exit.o [7]
__iar_Atan              0x08009221   0x158  Code  Gb  xatan.o [5]
__iar_Dnorm             0x080134a7    0x42  Code  Gb  xdnorm.o [5]
__iar_Dscale            0x08013209   0x114  Code  Gb  xdscale.o [5]
__iar_Dtentox           0x08012e4d   0x13e  Code  Gb  xdtento.o [5]
__iar_Dtest             0x080091af    0x30  Code  Gb  xdtest.o [5]
__iar_Dunscale          0x08013605    0x52  Code  Gb  xdunscal.o [5]
__iar_Errno             0x20000094     0x4  Data  Gb  errno.o [3]
__iar_Locale_lconv_init
                        0x08013541    0x3a  Code  Gb  localeconv.o [3]
__iar_Mbcurmax          0x08013395     0xa  Code  Gb  xmbcurmax.o [3]
__iar_Memchr            0x0801333d          Code  Gb  memchr.o [6]
__iar_Stod              0x080117ad     0x4  Code  Gb  xstod.o [5]
__iar_Stodx             0x08011649   0x14e  Code  Gb  xstod.o [5]
__iar_Stoul             0x08012a49     0x4  Code  Gb  xstoul.o [3]
__iar_Stoulx            0x08012905   0x13e  Code  Gb  xstoul.o [3]
__iar_Strchr            0x080115a1          Code  Gb  strchr.o [6]
__iar_Strrchr           0x08012acd    0x18  Code  Gb  strrchr.o [3]
__iar_d2uiz             0x08013521          Code  Gb  DblToI32.o [5]
__iar_dadd              0x08005af9          Code  Gb  DblAdd.o [5]
__iar_data_init3        0x08015f2d    0x28  Code  Gb  data_init.o [6]
__iar_dlfree            0x0800b72f   0x510  Code  Gb  dlmalloc.o [3]
__iar_dlib_perthread_access
                        0x08011551     0x2  Code  Gb  xtls.o [3]
__iar_dlmalloc          0x0800b479   0x2aa  Code  Gb  dlmalloc.o [3]
__iar_dsub              0x08008d25          Code  Gb  DblSub.o [5]
__iar_dsubStart         0x08008d37          Code  Gb  DblSub.o [5]
__iar_edom              0x0800ee09          Code  Gb  iarEdom.o [6]
__iar_init_vfp          0x08015ee9          Code  Gb  fpinit_M.o [5]
__iar_packbits_init_single3
                        0x08015fa3    0x38  Code  Gb  packbits_init_single.o [6]
__iar_program_start     0x08015edd          Code  Gb  cstartup_M.o [6]
__iar_ui2d              0x08012dd9          Code  Gb  I32ToDbl.o [5]
__iar_unaligned___aeabi_memcpy
                        0x08005041          Code  Gb  ABImemcpy_unaligned.o [6]
__iar_unaligned___aeabi_memcpy4
                        0x08005061          Code  Gb  ABImemcpy_unaligned.o [6]
__iar_unaligned___aeabi_memcpy8
                        0x08005061          Code  Gb  ABImemcpy_unaligned.o [6]
__iar_unaligned_strcmp  0x08011605          Code  Gb  strcmp_unaligned.o [6]
__iar_unaligned_strcpy  0x080115c1          Code  Gb  strcpy_unaligned.o [6]
__iar_vfp_atan2         0x08006341    0x14  Code  Gb  atan2.o [5]
__iar_vfp_atof          0x080113bd    0x10  Code  Gb  atof.o [5]
__iar_xatanf            0x0800ed65          Code  Gb  xatanf.o [5]
__iar_zero_init3        0x08015f63    0x40  Code  Gb  zero_init3.o [6]
__low_level_init        0x08015f27     0x4  Code  Gb  low_level_init.o [3]
__vector_table          0x08000000   0x188  Data  Gb  cstartup.o [1]
_call_main              0x08015f19          Code  Gb  cmain.o [6]
_exit                   0x08015f59          Code  Gb  cexit.o [6]
_gm_                    0x20011540   0x1d8  Data  Lc  dlmalloc.o [3]
_main                   0x08015f23          Code  Gb  cmain.o [6]
a                       0x080093d0    0x40  Data  Lc  xatan.o [5]
abort                   0x0800fb25     0x6  Code  Gb  abort.o [3]
arm_cos_f32             0x080061e1    0x80  Code  Gb  arm_cos_f32.o [4]
arm_sin_f32             0x08006151    0x90  Code  Gb  arm_sin_f32.o [4]
asinf                   0x080090e9          Code  Gb  asinf.o [5]
atan2                   0x08006261    0xd0  Code  Gb  atan2.o [5]
atan2f                  0x08009145          Code  Gb  atan2f.o [5]
atoi                    0x08011401     0x8  Code  Gb  atoi.o [3]
cache_accum             0x08010e7f    0x20  Code  Lc  minIni.o [1]
cache_flush             0x08010e9f    0xa2  Code  Lc  minIni.o [1]
check_enquote           0x08010d9d    0x3a  Code  Lc  minIni.o [1]
check_fs                0x080015f5    0x7e  Code  Lc  ff.o [1]
chk_chr                 0x08000245    0x14  Code  Lc  ff.o [1]
chk_lock                0x08000259    0x94  Code  Lc  ff.o [1]
cleanstring             0x08010ac1    0x86  Code  Lc  minIni.o [1]
clear_lock              0x0800044f    0x2e  Code  Lc  ff.o [1]
clmt_clust              0x080009a9    0x30  Code  Lc  ff.o [1]
close_rename            0x08010f45    0x54  Code  Lc  minIni.o [1]
clust2sect              0x08000609    0x1e  Code  Gb  ff.o [1]
cmp_lfn                 0x08000cad    0x96  Code  Lc  ff.o [1]
cnt_xxx                 0x20012c6c     0x4  Data  Lc  AHRS.o [1]
control                 0x20011d00    0xec  Data  Gb  Control.o [1]
controlQueue            0x20012a98    0x30  Data  Gb  Control.o [1]
create_chain            0x080008d7    0xd2  Code  Lc  ff.o [1]
create_name             0x080012d5   0x250  Code  Lc  ff.o [1]
data_limit              0x08005e6d    0x20  Code  Gb  Algorithm_math.o [1]
dec_lock                0x08000401    0x4e  Code  Lc  ff.o [1]
delay                   0x080050c1    0x12  Code  Lc  ms5611.o [1]
digits                  0x08012a4c    0x28  Data  Lc  xstoul.o [3]
dir_alloc               0x08000c11    0x60  Code  Lc  ff.o [1]
dir_find                0x08000ee3   0x10c  Code  Lc  ff.o [1]
dir_next                0x08000aa5   0x16c  Code  Lc  ff.o [1]
dir_read                0x08000fef    0xf2  Code  Lc  ff.o [1]
dir_register            0x080010e1   0x172  Code  Lc  ff.o [1]
dir_remove              0x08001253    0x82  Code  Lc  ff.o [1]
dir_sdi                 0x080009d9    0xcc  Code  Lc  ff.o [1]
disk                    0x20012c20     0xc  Data  Gb  ff_gen_drv.o [1]
disk_initialize         0x080029a7    0x32  Code  Gb  diskio.o [1]
disk_ioctl              0x08002a15    0x20  Code  Gb  diskio.o [1]
disk_read               0x080029d9    0x1e  Code  Gb  diskio.o [1]
disk_status             0x08002989    0x1e  Code  Gb  diskio.o [1]
disk_write              0x080029f7    0x1e  Code  Gb  diskio.o [1]
div                     0x080135ad     0xe  Code  Gb  div.o [3]
dmul                    0x08012df1    0x5a  Code  Lc  xdtento.o [5]
enq_lock                0x080002ed    0x26  Code  Lc  ff.o [1]
exit                    0x08015f55     0x4  Code  Gb  exit.o [3]
f_close                 0x08002293    0x34  Code  Gb  ff.o [1]
f_gets                  0x080028a3    0x4e  Code  Gb  ff.o [1]
f_lseek                 0x080022c7   0x36a  Code  Gb  ff.o [1]
f_mount                 0x08001a6b    0x66  Code  Gb  ff.o [1]
f_open                  0x08001af1   0x20e  Code  Gb  ff.o [1]
f_puts                  0x0800293d    0x4c  Code  Gb  ff.o [1]
f_read                  0x08001cff   0x234  Code  Gb  ff.o [1]
f_rename                0x08002731   0x172  Code  Gb  ff.o [1]
f_sync                  0x080021c3    0xd0  Code  Gb  ff.o [1]
f_unlink                0x08002631   0x100  Code  Gb  ff.o [1]
f_write                 0x08001f33   0x290  Code  Gb  ff.o [1]
ff_convert              0x08002a39    0x4e  Code  Gb  unicode.o [1]
ff_wtoupper             0x08002a87    0x32  Code  Gb  unicode.o [1]
find_volume             0x08001679   0x3b0  Code  Lc  ff.o [1]
fit_lfn                 0x08000daf    0x78  Code  Lc  ff.o [1]
follow_path             0x08001525    0x86  Code  Lc  ff.o [1]
gen_numname             0x08000e2d    0x96  Code  Lc  ff.o [1]
get_fat                 0x08000627   0x100  Code  Gb  ff.o [1]
get_fattime             0x08002ae1     0x4  Code  Gb  fatfs.o [1]
get_ldnumber            0x080015ab    0x4a  Code  Lc  ff.o [1]
getkeystring            0x08010b47   0x1aa  Code  Lc  minIni.o [1]
hdma_sdio_rx            0x200127d8    0x58  Data  Gb  Init.o [1]
hdma_sdio_tx            0x20012830    0x58  Data  Gb  Init.o [1]
hdma_spi1_rx            0x20012694    0x58  Data  Gb  Init.o [1]
hdma_spi1_tx            0x200126ec    0x58  Data  Gb  Init.o [1]
hdma_usart3_rx          0x200125e4    0x58  Data  Gb  Init.o [1]
hdma_usart3_tx          0x2001263c    0x58  Data  Gb  Init.o [1]
head                    0x20012ca8     0x4  Data  Lc  Android.o [1]
head                    0x20012ce0     0x4  Data  Lc  filefunction.o [1]
hsd                     0x200124d4    0x60  Data  Gb  Init.o [1]
hspi1                   0x2001258c    0x58  Data  Gb  Init.o [1]
htim1                   0x200128c8    0x3c  Data  Gb  Init.o [1]
htim2                   0x20012904    0x3c  Data  Gb  Init.o [1]
htim3                   0x20012940    0x3c  Data  Gb  Init.o [1]
htim4                   0x2001297c    0x3c  Data  Gb  Init.o [1]
htim5                   0x200129b8    0x3c  Data  Gb  Init.o [1]
htim6                   0x200129f4    0x3c  Data  Gb  Init.o [1]
huart3                  0x20012888    0x40  Data  Gb  Init.o [1]
inc_lock                0x08000313    0xee  Code  Lc  ff.o [1]
ini_gets                0x08010cf1    0x8c  Code  Gb  minIni.o [1]
ini_puts                0x08010f99   0x420  Code  Gb  minIni.o [1]
ini_rename              0x0801092d    0x32  Code  Lc  minIni.o [1]
ini_tempname            0x08010d81    0x1c  Code  Lc  minIni.o [1]
init_mparams            0x0800a773    0x32  Code  Lc  dlmalloc.o [3]
init_top                0x0800a7a5    0x34  Code  Lc  dlmalloc.o [3]
isalpha                 0x080135bb    0x14  Code  Gb  isxxx.o [3]
isspace                 0x080135cf    0x14  Code  Gb  isxxx.o [3]
ld_clust                0x08000c71    0x24  Code  Lc  ff.o [1]
localeconv              0x0801357b    0x16  Code  Gb  localeconv.o [3]
magGainCalc             0x08002f01   0x1a0  Code  Gb  AHRS.o [1]
main                    0x0801577d    0x86  Code  Gb  app.o [1]
mem_cmp                 0x08000225    0x20  Code  Lc  ff.o [1]
mem_cpy                 0x08000201    0x14  Code  Lc  ff.o [1]
mem_set                 0x08000215    0x10  Code  Lc  ff.o [1]
memchr                  0x0801333d          Code  Gb  memchr.o [6]
move_window             0x080004df    0x40  Code  Lc  ff.o [1]
mparams                 0x20012b98    0x18  Data  Lc  dlmalloc.o [3]
ndigs                   0x08012a74    0x28  Data  Lc  xstoul.o [3]
needLoadParameterFromFile
                        0x20012d90     0x2  Data  Gb  Control.o [1]
nodeArr                 0x200123ec    0x78  Data  Lc  Android.o [1]
offsetHasChanged        0x20012d88     0x2  Data  Gb  AHRS.o [1]
parameterHasChanged     0x20012d8e     0x2  Data  Gb  Android.o [1]
pick_lfn                0x08000d43    0x6c  Code  Lc  ff.o [1]
pows                    0x08012fa8    0x48  Data  Lc  xdtento.o [5]
prepend_alloc           0x0800a7d9   0x36c  Code  Lc  dlmalloc.o [3]
put_fat                 0x08000727   0x134  Code  Gb  ff.o [1]
putc_bfd                0x080028f1    0x4c  Code  Lc  ff.o [1]
reciveData              0x20010928   0x3e8  Data  Lc  Android.o [1]
reciveSize              0x20012cac     0x4  Data  Lc  Android.o [1]
remove_chain            0x0800085b    0x7c  Code  Lc  ff.o [1]
retSD                   0x20012dbf     0x1  Data  Gb  fatfs.o [1]
save_strncpy            0x08010a13    0xae  Code  Lc  minIni.o [1]
segment_holding         0x0800a759    0x1a  Code  Lc  dlmalloc.o [3]
simpdelay               0x08002b49    0x12  Code  Lc  AHRS.o [1]
sinTable_f32            0x08014bb8   0x804  Data  Gb  arm_common_tables.o [4]
skipleading             0x080109cd    0x12  Code  Lc  minIni.o [1]
skiptrailing            0x080109df    0x1a  Code  Lc  minIni.o [1]
sprintf                 0x080113cd    0x34  Code  Gb  sprintf.o [3]
st_clust                0x08000c95    0x18  Code  Lc  ff.o [1]
strchr                  0x080115a1          Code  Gb  strchr.o [6]
striptrailing           0x080109f9    0x1a  Code  Lc  minIni.o [1]
strlen                  0x08011555          Code  Gb  strlen.o [6]
strnicmp                0x0801095f    0x6e  Code  Gb  minIni.o [1]
strrchr                 0x080115b7     0x8  Code  Gb  minIni.o [1]
sum_sfn                 0x08000ec3    0x20  Code  Lc  ff.o [1]
sync_fs                 0x0800051f    0xea  Code  Lc  ff.o [1]
sync_window             0x0800047d    0x62  Code  Lc  ff.o [1]
sys_alloc               0x0800ab45   0x386  Code  Lc  dlmalloc.o [3]
tmalloc_large           0x0800aed9   0x390  Code  Lc  dlmalloc.o [3]
tmalloc_small           0x0800b269   0x210  Code  Lc  dlmalloc.o [3]
tolower                 0x0801158b    0x14  Code  Gb  tolower.o [3]
uwTick                  0x20012d80     0x4  Data  Lc  stm32f4xx_hal.o [1]
validate                0x08001a29    0x42  Code  Lc  ff.o [1]
writekey                0x08010e21    0x5e  Code  Lc  minIni.o [1]
writesection            0x08010dd7    0x4a  Code  Lc  minIni.o [1]


[1] = H:\四轴代码\uCOSIII\IAR\Debug\Obj
[2] = command line
[3] = dl7M_tlf.a
[4] = iar_cortexM4lf_math.a
[5] = m7M_tls.a
[6] = rt7M_tl.a
[7] = shb_l.a

  86 022 bytes of readonly  code memory
   5 331 bytes of readonly  data memory
  77 255 bytes of readwrite data memory

Errors: none
Warnings: none
